[2026-06-30T14:26:32.909+0000] {local_task_job_runner.py:120} INFO - ::group::Pre task execution logs
[2026-06-30T14:26:32.954+0000] {taskinstance.py:2073} INFO - Dependencies all met for dep_context=non-requeueable deps ti=<TaskInstance: pipeline_economia_br.transform scheduled__2026-06-29T08:00:00+00:00 [queued]>
[2026-06-30T14:26:32.963+0000] {taskinstance.py:2073} INFO - Dependencies all met for dep_context=requeueable deps ti=<TaskInstance: pipeline_economia_br.transform scheduled__2026-06-29T08:00:00+00:00 [queued]>
[2026-06-30T14:26:32.964+0000] {taskinstance.py:2303} INFO - Starting attempt 1 of 2
[2026-06-30T14:26:32.975+0000] {taskinstance.py:2327} INFO - Executing <Task(PythonOperator): transform> on 2026-06-29 08:00:00+00:00
[2026-06-30T14:26:32.989+0000] {standard_task_runner.py:90} INFO - Running: ['***', 'tasks', 'run', 'pipeline_economia_br', 'transform', 'scheduled__2026-06-29T08:00:00+00:00', '--job-id', '8', '--raw', '--subdir', 'DAGS_FOLDER/pipeline_economia.py', '--cfg-path', '/tmp/tmpp0p4lm4t']
[2026-06-30T14:26:32.994+0000] {logging_mixin.py:188} WARNING - /home/***/.local/lib/python3.12/site-packages/***/task/task_runner/standard_task_runner.py:61 DeprecationWarning: This process (pid=2183) is multi-threaded, use of fork() may lead to deadlocks in the child.
[2026-06-30T14:26:32.995+0000] {standard_task_runner.py:91} INFO - Job 8: Subtask transform
[2026-06-30T14:26:32.995+0000] {standard_task_runner.py:63} INFO - Started process 2186 to run task
[2026-06-30T14:26:33.094+0000] {task_command.py:426} INFO - Running <TaskInstance: pipeline_economia_br.transform scheduled__2026-06-29T08:00:00+00:00 [running]> on host f1d16f70c6e2
[2026-06-30T14:26:33.207+0000] {taskinstance.py:2644} INFO - Exporting env vars: AIRFLOW_CTX_DAG_OWNER='João_Vitor' AIRFLOW_CTX_DAG_ID='pipeline_economia_br' AIRFLOW_CTX_TASK_ID='transform' AIRFLOW_CTX_EXECUTION_DATE='2026-06-29T08:00:00+00:00' AIRFLOW_CTX_TRY_NUMBER='1' AIRFLOW_CTX_DAG_RUN_ID='scheduled__2026-06-29T08:00:00+00:00'
[2026-06-30T14:26:33.208+0000] {taskinstance.py:430} INFO - ::endgroup::
[2026-06-30T14:26:33.294+0000] {logging_mixin.py:188} INFO -       period  inflation_rate indicator
0 2015-01-01            1.24      ipca
1 2015-02-01            1.22      ipca
2 2015-03-01            1.32      ipca
3 2015-04-01            0.71      ipca
4 2015-05-01            0.74      ipca
[2026-06-30T14:26:33.323+0000] {logging_mixin.py:188} INFO -       period  selic_rate indicator
0 2016-01-04    0.052531     selic
1 2016-01-05    0.052531     selic
2 2016-01-06    0.052531     selic
3 2016-01-07    0.052531     selic
4 2016-01-08    0.052531     selic
[2026-06-30T14:26:33.341+0000] {logging_mixin.py:188} INFO -       period  unemployment_rate     indicator
0 2012-03-01                8.0  unemployment
1 2012-04-01                7.8  unemployment
2 2012-05-01                7.7  unemployment
3 2012-06-01                7.6  unemployment
4 2012-07-01                7.5  unemployment
[2026-06-30T14:26:33.361+0000] {logging_mixin.py:188} INFO -       period  igpm_rate indicator
0 2016-01-01       1.14      igpm
1 2016-02-01       1.29      igpm
2 2016-03-01       0.51      igpm
3 2016-04-01       0.33      igpm
4 2016-05-01       0.82      igpm
[2026-06-30T14:26:33.393+0000] {logging_mixin.py:188} INFO -       period  exchange_rate      indicator
0 2016-01-04         4.0387  exchange_rate
1 2016-01-05         4.0114  exchange_rate
2 2016-01-06         4.0303  exchange_rate
3 2016-01-07         4.0475  exchange_rate
4 2016-01-08         4.0250  exchange_rate
[2026-06-30T14:26:33.412+0000] {logging_mixin.py:188} INFO -       period    gdp indicator
0 2016-01-01  66.50       gdp
1 2016-02-01  66.66       gdp
2 2016-03-01  66.33       gdp
3 2016-04-01  66.62       gdp
4 2016-05-01  67.58       gdp
[2026-06-30T14:26:33.412+0000] {python.py:237} INFO - Done. Returned value was: None
[2026-06-30T14:26:33.413+0000] {taskinstance.py:441} INFO - ::group::Post task execution logs
[2026-06-30T14:26:33.426+0000] {taskinstance.py:1205} INFO - Marking task as SUCCESS. dag_id=pipeline_economia_br, task_id=transform, execution_date=20260629T080000, start_date=20260630T142632, end_date=20260630T142633
[2026-06-30T14:26:33.451+0000] {local_task_job_runner.py:240} INFO - Task exited with return code 0
[2026-06-30T14:26:33.470+0000] {taskinstance.py:3482} INFO - 1 downstream tasks scheduled from follow-on schedule check
[2026-06-30T14:26:33.472+0000] {local_task_job_runner.py:222} INFO - ::endgroup::
