[2026-06-30T14:26:37.734+0000] {local_task_job_runner.py:120} INFO - ::group::Pre task execution logs
[2026-06-30T14:26:37.767+0000] {taskinstance.py:2073} INFO - Dependencies all met for dep_context=non-requeueable deps ti=<TaskInstance: pipeline_economia_br.create_unified_table scheduled__2026-06-29T08:00:00+00:00 [queued]>
[2026-06-30T14:26:37.775+0000] {taskinstance.py:2073} INFO - Dependencies all met for dep_context=requeueable deps ti=<TaskInstance: pipeline_economia_br.create_unified_table scheduled__2026-06-29T08:00:00+00:00 [queued]>
[2026-06-30T14:26:37.777+0000] {taskinstance.py:2303} INFO - Starting attempt 1 of 2
[2026-06-30T14:26:37.788+0000] {taskinstance.py:2327} INFO - Executing <Task(PythonOperator): create_unified_table> on 2026-06-29 08:00:00+00:00
[2026-06-30T14:26:37.796+0000] {standard_task_runner.py:90} INFO - Running: ['***', 'tasks', 'run', 'pipeline_economia_br', 'create_unified_table', 'scheduled__2026-06-29T08:00:00+00:00', '--job-id', '10', '--raw', '--subdir', 'DAGS_FOLDER/pipeline_economia.py', '--cfg-path', '/tmp/tmp8gn5ai6j']
[2026-06-30T14:26:37.799+0000] {standard_task_runner.py:91} INFO - Job 10: Subtask create_unified_table
[2026-06-30T14:26:37.799+0000] {logging_mixin.py:188} WARNING - /home/***/.local/lib/python3.12/site-packages/***/task/task_runner/standard_task_runner.py:61 DeprecationWarning: This process (pid=2191) is multi-threaded, use of fork() may lead to deadlocks in the child.
[2026-06-30T14:26:37.800+0000] {standard_task_runner.py:63} INFO - Started process 2194 to run task
[2026-06-30T14:26:37.848+0000] {task_command.py:426} INFO - Running <TaskInstance: pipeline_economia_br.create_unified_table scheduled__2026-06-29T08:00:00+00:00 [running]> on host f1d16f70c6e2
[2026-06-30T14:26:37.922+0000] {taskinstance.py:2644} INFO - Exporting env vars: AIRFLOW_CTX_DAG_OWNER='João_Vitor' AIRFLOW_CTX_DAG_ID='pipeline_economia_br' AIRFLOW_CTX_TASK_ID='create_unified_table' AIRFLOW_CTX_EXECUTION_DATE='2026-06-29T08:00:00+00:00' AIRFLOW_CTX_TRY_NUMBER='1' AIRFLOW_CTX_DAG_RUN_ID='scheduled__2026-06-29T08:00:00+00:00'
[2026-06-30T14:26:37.923+0000] {taskinstance.py:430} INFO - ::endgroup::
[2026-06-30T14:26:38.005+0000] {logging_mixin.py:188} INFO -        period  value indicator
0  2015-01-01   1.24      ipca
1  2015-02-01   1.22      ipca
2  2015-03-01   1.32      ipca
3  2015-04-01   0.71      ipca
4  2015-05-01   0.74      ipca
[2026-06-30T14:26:38.005+0000] {python.py:237} INFO - Done. Returned value was: None
[2026-06-30T14:26:38.006+0000] {taskinstance.py:441} INFO - ::group::Post task execution logs
[2026-06-30T14:26:38.015+0000] {taskinstance.py:1205} INFO - Marking task as SUCCESS. dag_id=pipeline_economia_br, task_id=create_unified_table, execution_date=20260629T080000, start_date=20260630T142637, end_date=20260630T142638
[2026-06-30T14:26:38.054+0000] {local_task_job_runner.py:240} INFO - Task exited with return code 0
[2026-06-30T14:26:38.073+0000] {taskinstance.py:3482} INFO - 1 downstream tasks scheduled from follow-on schedule check
[2026-06-30T14:26:38.075+0000] {local_task_job_runner.py:222} INFO - ::endgroup::
