[2026-06-30T00:34:02.297+0000] {local_task_job_runner.py:120} INFO - ::group::Pre task execution logs
[2026-06-30T00:34:02.363+0000] {taskinstance.py:2073} INFO - Dependencies all met for dep_context=non-requeueable deps ti=<TaskInstance: pipeline_economia_br.transform manual__2026-06-30T00:28:36.507000+00:00 [queued]>
[2026-06-30T00:34:02.375+0000] {taskinstance.py:2073} INFO - Dependencies all met for dep_context=requeueable deps ti=<TaskInstance: pipeline_economia_br.transform manual__2026-06-30T00:28:36.507000+00:00 [queued]>
[2026-06-30T00:34:02.376+0000] {taskinstance.py:2303} INFO - Starting attempt 2 of 2
[2026-06-30T00:34:02.397+0000] {taskinstance.py:2327} INFO - Executing <Task(PythonOperator): transform> on 2026-06-30 00:28:36.507000+00:00
[2026-06-30T00:34:02.424+0000] {standard_task_runner.py:90} INFO - Running: ['***', 'tasks', 'run', 'pipeline_economia_br', 'transform', 'manual__2026-06-30T00:28:36.507000+00:00', '--job-id', '6', '--raw', '--subdir', 'DAGS_FOLDER/pipeline_economia.py', '--cfg-path', '/tmp/tmpavbty54r']
[2026-06-30T00:34:02.429+0000] {standard_task_runner.py:91} INFO - Job 6: Subtask transform
[2026-06-30T00:34:02.430+0000] {logging_mixin.py:188} WARNING - /home/***/.local/lib/python3.12/site-packages/***/task/task_runner/standard_task_runner.py:61 DeprecationWarning: This process (pid=296) is multi-threaded, use of fork() may lead to deadlocks in the child.
[2026-06-30T00:34:02.432+0000] {standard_task_runner.py:63} INFO - Started process 303 to run task
[2026-06-30T00:34:02.528+0000] {task_command.py:426} INFO - Running <TaskInstance: pipeline_economia_br.transform manual__2026-06-30T00:28:36.507000+00:00 [running]> on host 98063d37ba9c
[2026-06-30T00:34:02.641+0000] {taskinstance.py:2644} INFO - Exporting env vars: AIRFLOW_CTX_DAG_OWNER='João_Vitor' AIRFLOW_CTX_DAG_ID='pipeline_economia_br' AIRFLOW_CTX_TASK_ID='transform' AIRFLOW_CTX_EXECUTION_DATE='2026-06-30T00:28:36.507000+00:00' AIRFLOW_CTX_TRY_NUMBER='2' AIRFLOW_CTX_DAG_RUN_ID='manual__2026-06-30T00:28:36.507000+00:00'
[2026-06-30T00:34:02.643+0000] {taskinstance.py:430} INFO - ::endgroup::
[2026-06-30T00:34:02.668+0000] {taskinstance.py:441} INFO - ::group::Post task execution logs
[2026-06-30T00:34:02.669+0000] {taskinstance.py:2890} ERROR - Task failed with exception
Traceback (most recent call last):
  File "/home/airflow/.local/lib/python3.12/site-packages/airflow/models/taskinstance.py", line 465, in _execute_task
    result = _execute_callable(context=context, **execute_callable_kwargs)
             ^^^^^^^^^^^^^^^^^^^^^^^^^^^^^^^^^^^^^^^^^^^^^^^^^^^^^^^^^^^^^
  File "/home/airflow/.local/lib/python3.12/site-packages/airflow/models/taskinstance.py", line 432, in _execute_callable
    return execute_callable(context=context, **execute_callable_kwargs)
           ^^^^^^^^^^^^^^^^^^^^^^^^^^^^^^^^^^^^^^^^^^^^^^^^^^^^^^^^^^^^
  File "/home/airflow/.local/lib/python3.12/site-packages/airflow/models/baseoperator.py", line 400, in wrapper
    return func(self, *args, **kwargs)
           ^^^^^^^^^^^^^^^^^^^^^^^^^^^
  File "/home/airflow/.local/lib/python3.12/site-packages/airflow/operators/python.py", line 235, in execute
    return_value = self.execute_callable()
                   ^^^^^^^^^^^^^^^^^^^^^^^
  File "/home/airflow/.local/lib/python3.12/site-packages/airflow/operators/python.py", line 252, in execute_callable
    return self.python_callable(*self.op_args, **self.op_kwargs)
           ^^^^^^^^^^^^^^^^^^^^^^^^^^^^^^^^^^^^^^^^^^^^^^^^^^^^^
  File "/opt/airflow/scripts/main.py", line 39, in transform_all
    transform.transform_ipca()
  File "/opt/airflow/scripts/transform.py", line 12, in transform_ipca
    df = pd.read_csv(os.getenv("FILE_PATH_IPCA"))
         ^^^^^^^^^^^^^^^^^^^^^^^^^^^^^^^^^^^^^^^^
  File "/home/airflow/.local/lib/python3.12/site-packages/pandas/io/parsers/readers.py", line 948, in read_csv
    return _read(filepath_or_buffer, kwds)
           ^^^^^^^^^^^^^^^^^^^^^^^^^^^^^^^
  File "/home/airflow/.local/lib/python3.12/site-packages/pandas/io/parsers/readers.py", line 611, in _read
    parser = TextFileReader(filepath_or_buffer, **kwds)
             ^^^^^^^^^^^^^^^^^^^^^^^^^^^^^^^^^^^^^^^^^^
  File "/home/airflow/.local/lib/python3.12/site-packages/pandas/io/parsers/readers.py", line 1448, in __init__
    self._engine = self._make_engine(f, self.engine)
                   ^^^^^^^^^^^^^^^^^^^^^^^^^^^^^^^^^
  File "/home/airflow/.local/lib/python3.12/site-packages/pandas/io/parsers/readers.py", line 1705, in _make_engine
    self.handles = get_handle(
                   ^^^^^^^^^^^
  File "/home/airflow/.local/lib/python3.12/site-packages/pandas/io/common.py", line 863, in get_handle
    handle = open(
             ^^^^^
FileNotFoundError: [Errno 2] No such file or directory: 'data\\raw\\ipca.csv'
[2026-06-30T00:34:02.702+0000] {taskinstance.py:1205} INFO - Marking task as FAILED. dag_id=pipeline_economia_br, task_id=transform, execution_date=20260630T002836, start_date=20260630T003402, end_date=20260630T003402
[2026-06-30T00:34:02.719+0000] {standard_task_runner.py:110} ERROR - Failed to execute job 6 for task transform ([Errno 2] No such file or directory: 'data\\raw\\ipca.csv'; 303)
[2026-06-30T00:34:02.767+0000] {local_task_job_runner.py:240} INFO - Task exited with return code 1
[2026-06-30T00:34:02.791+0000] {taskinstance.py:3482} INFO - 0 downstream tasks scheduled from follow-on schedule check
[2026-06-30T00:34:02.796+0000] {local_task_job_runner.py:222} INFO - ::endgroup::
