[2026-06-30T00:47:26.440+0000] {local_task_job_runner.py:120} INFO - ::group::Pre task execution logs
[2026-06-30T00:47:26.465+0000] {taskinstance.py:2073} INFO - Dependencies all met for dep_context=non-requeueable deps ti=<TaskInstance: pipeline_economia_br.load_to_sql scheduled__2026-06-28T08:00:00+00:00 [queued]>
[2026-06-30T00:47:26.472+0000] {taskinstance.py:2073} INFO - Dependencies all met for dep_context=requeueable deps ti=<TaskInstance: pipeline_economia_br.load_to_sql scheduled__2026-06-28T08:00:00+00:00 [queued]>
[2026-06-30T00:47:26.472+0000] {taskinstance.py:2303} INFO - Starting attempt 1 of 2
[2026-06-30T00:47:26.482+0000] {taskinstance.py:2327} INFO - Executing <Task(PythonOperator): load_to_sql> on 2026-06-28 08:00:00+00:00
[2026-06-30T00:47:26.489+0000] {standard_task_runner.py:90} INFO - Running: ['***', 'tasks', 'run', 'pipeline_economia_br', 'load_to_sql', 'scheduled__2026-06-28T08:00:00+00:00', '--job-id', '6', '--raw', '--subdir', 'DAGS_FOLDER/pipeline_economia.py', '--cfg-path', '/tmp/tmpnxc8cjuy']
[2026-06-30T00:47:26.493+0000] {standard_task_runner.py:91} INFO - Job 6: Subtask load_to_sql
[2026-06-30T00:47:26.495+0000] {logging_mixin.py:188} WARNING - /home/***/.local/lib/python3.12/site-packages/***/task/task_runner/standard_task_runner.py:61 DeprecationWarning: This process (pid=226) is multi-threaded, use of fork() may lead to deadlocks in the child.
[2026-06-30T00:47:26.495+0000] {standard_task_runner.py:63} INFO - Started process 229 to run task
[2026-06-30T00:47:26.540+0000] {task_command.py:426} INFO - Running <TaskInstance: pipeline_economia_br.load_to_sql scheduled__2026-06-28T08:00:00+00:00 [running]> on host f1d16f70c6e2
[2026-06-30T00:47:26.613+0000] {taskinstance.py:2644} INFO - Exporting env vars: AIRFLOW_CTX_DAG_OWNER='João_Vitor' AIRFLOW_CTX_DAG_ID='pipeline_economia_br' AIRFLOW_CTX_TASK_ID='load_to_sql' AIRFLOW_CTX_EXECUTION_DATE='2026-06-28T08:00:00+00:00' AIRFLOW_CTX_TRY_NUMBER='1' AIRFLOW_CTX_DAG_RUN_ID='scheduled__2026-06-28T08:00:00+00:00'
[2026-06-30T00:47:26.614+0000] {taskinstance.py:430} INFO - ::endgroup::
[2026-06-30T00:47:42.221+0000] {logging_mixin.py:188} INFO - Attempt 1 failed: (pyodbc.Error) ('HY000', "[HY000] [Microsoft][ODBC Driver 18 for SQL Server][SQL Server]Database 'db-pipeline-economia' on server 'srv-pipeline-economia.database.windows.net' is not currently available.  Please retry the connection later.  If the problem persists, contact customer support, and provide them the session tracing ID of '{FE452E4A-2013-4804-A3A6-1F01E00F0A93}'. (40613) (SQLDriverConnect)")
(Background on this error at: https://sqlalche.me/e/14/dbapi)
[2026-06-30T00:47:42.222+0000] {logging_mixin.py:188} INFO - Database may be waking up, retrying in 30 seconds...
[2026-06-30T00:48:14.460+0000] {logging_mixin.py:188} INFO - Data successfully loaded into Azure SQL Database!
[2026-06-30T00:48:14.461+0000] {python.py:237} INFO - Done. Returned value was: None
[2026-06-30T00:48:14.462+0000] {taskinstance.py:441} INFO - ::group::Post task execution logs
[2026-06-30T00:48:14.471+0000] {taskinstance.py:1205} INFO - Marking task as SUCCESS. dag_id=pipeline_economia_br, task_id=load_to_sql, execution_date=20260628T080000, start_date=20260630T004726, end_date=20260630T004814
[2026-06-30T00:48:14.515+0000] {local_task_job_runner.py:240} INFO - Task exited with return code 0
[2026-06-30T00:48:14.526+0000] {taskinstance.py:3482} INFO - 0 downstream tasks scheduled from follow-on schedule check
[2026-06-30T00:48:14.528+0000] {local_task_job_runner.py:222} INFO - ::endgroup::
