[2026-06-30T00:28:59.721+0000] {local_task_job_runner.py:120} INFO - ::group::Pre task execution logs
[2026-06-30T00:28:59.748+0000] {taskinstance.py:2073} INFO - Dependencies all met for dep_context=non-requeueable deps ti=<TaskInstance: pipeline_economia_br.transform scheduled__2026-06-28T08:00:00+00:00 [queued]>
[2026-06-30T00:28:59.756+0000] {taskinstance.py:2073} INFO - Dependencies all met for dep_context=requeueable deps ti=<TaskInstance: pipeline_economia_br.transform scheduled__2026-06-28T08:00:00+00:00 [queued]>
[2026-06-30T00:28:59.757+0000] {taskinstance.py:2303} INFO - Starting attempt 1 of 2
[2026-06-30T00:28:59.766+0000] {taskinstance.py:2327} INFO - Executing <Task(PythonOperator): transform> on 2026-06-28 08:00:00+00:00
[2026-06-30T00:28:59.776+0000] {standard_task_runner.py:90} INFO - Running: ['***', 'tasks', 'run', 'pipeline_economia_br', 'transform', 'scheduled__2026-06-28T08:00:00+00:00', '--job-id', '5', '--raw', '--subdir', 'DAGS_FOLDER/pipeline_economia.py', '--cfg-path', '/tmp/tmprkjwn6ik']
[2026-06-30T00:28:59.780+0000] {standard_task_runner.py:91} INFO - Job 5: Subtask transform
[2026-06-30T00:28:59.782+0000] {logging_mixin.py:188} WARNING - /home/***/.local/lib/python3.12/site-packages/***/task/task_runner/standard_task_runner.py:61 DeprecationWarning: This process (pid=226) is multi-threaded, use of fork() may lead to deadlocks in the child.
[2026-06-30T00:28:59.783+0000] {standard_task_runner.py:63} INFO - Started process 232 to run task
[2026-06-30T00:28:59.837+0000] {task_command.py:426} INFO - Running <TaskInstance: pipeline_economia_br.transform scheduled__2026-06-28T08:00:00+00:00 [running]> on host 98063d37ba9c
[2026-06-30T00:28:59.908+0000] {taskinstance.py:2644} INFO - Exporting env vars: AIRFLOW_CTX_DAG_OWNER='João_Vitor' AIRFLOW_CTX_DAG_ID='pipeline_economia_br' AIRFLOW_CTX_TASK_ID='transform' AIRFLOW_CTX_EXECUTION_DATE='2026-06-28T08:00:00+00:00' AIRFLOW_CTX_TRY_NUMBER='1' AIRFLOW_CTX_DAG_RUN_ID='scheduled__2026-06-28T08:00:00+00:00'
[2026-06-30T00:28:59.910+0000] {taskinstance.py:430} INFO - ::endgroup::
[2026-06-30T00:28:59.923+0000] {taskinstance.py:441} INFO - ::group::Post task execution logs
[2026-06-30T00:28:59.924+0000] {taskinstance.py:2890} ERROR - Task failed with exception
Traceback (most recent call last):
  File "/home/airflow/.local/lib/python3.12/site-packages/airflow/models/taskinstance.py", line 465, in _execute_task
    result = _execute_callable(context=context, **execute_callable_kwargs)
             ^^^^^^^^^^^^^^^^^^^^^^^^^^^^^^^^^^^^^^^^^^^^^^^^^^^^^^^^^^^^^
  File "/home/airflow/.local/lib/python3.12/site-packages/airflow/models/taskinstance.py", line 432, in _execute_callable
    return execute_callable(context=context, **execute_callable_kwargs)
           ^^^^^^^^^^^^^^^^^^^^^^^^^^^^^^^^^^^^^^^^^^^^^^^^^^^^^^^^^^^^
  File "/home/airflow/.local/lib/python3.12/site-packages/airflow/models/baseoperator.py", line 400, in wrapper
    return func(self, *args, **kwargs)
           ^^^^^^^^^^^^^^^^^^^^^^^^^^^
  File "/home/airflow/.local/lib/python3.12/site-packages/airflow/operators/python.py", line 235, in execute
    return_value = self.execute_callable()
                   ^^^^^^^^^^^^^^^^^^^^^^^
  File "/home/airflow/.local/lib/python3.12/site-packages/airflow/operators/python.py", line 252, in execute_callable
    return self.python_callable(*self.op_args, **self.op_kwargs)
           ^^^^^^^^^^^^^^^^^^^^^^^^^^^^^^^^^^^^^^^^^^^^^^^^^^^^^
  File "/opt/airflow/scripts/main.py", line 39, in transform_all
    transform.transform_ipca()
  File "/opt/airflow/scripts/transform.py", line 12, in transform_ipca
    df = pd.read_csv(os.getenv("FILE_PATH_IPCA"))
         ^^^^^^^^^^^^^^^^^^^^^^^^^^^^^^^^^^^^^^^^
  File "/home/airflow/.local/lib/python3.12/site-packages/pandas/io/parsers/readers.py", line 948, in read_csv
    return _read(filepath_or_buffer, kwds)
           ^^^^^^^^^^^^^^^^^^^^^^^^^^^^^^^
  File "/home/airflow/.local/lib/python3.12/site-packages/pandas/io/parsers/readers.py", line 611, in _read
    parser = TextFileReader(filepath_or_buffer, **kwds)
             ^^^^^^^^^^^^^^^^^^^^^^^^^^^^^^^^^^^^^^^^^^
  File "/home/airflow/.local/lib/python3.12/site-packages/pandas/io/parsers/readers.py", line 1448, in __init__
    self._engine = self._make_engine(f, self.engine)
                   ^^^^^^^^^^^^^^^^^^^^^^^^^^^^^^^^^
  File "/home/airflow/.local/lib/python3.12/site-packages/pandas/io/parsers/readers.py", line 1705, in _make_engine
    self.handles = get_handle(
                   ^^^^^^^^^^^
  File "/home/airflow/.local/lib/python3.12/site-packages/pandas/io/common.py", line 863, in get_handle
    handle = open(
             ^^^^^
FileNotFoundError: [Errno 2] No such file or directory: 'data\\raw\\ipca.csv'
[2026-06-30T00:28:59.945+0000] {taskinstance.py:1205} INFO - Marking task as UP_FOR_RETRY. dag_id=pipeline_economia_br, task_id=transform, execution_date=20260628T080000, start_date=20260630T002859, end_date=20260630T002859
[2026-06-30T00:28:59.956+0000] {standard_task_runner.py:110} ERROR - Failed to execute job 5 for task transform ([Errno 2] No such file or directory: 'data\\raw\\ipca.csv'; 232)
[2026-06-30T00:28:59.998+0000] {local_task_job_runner.py:240} INFO - Task exited with return code 1
[2026-06-30T00:29:00.017+0000] {taskinstance.py:3482} INFO - 0 downstream tasks scheduled from follow-on schedule check
[2026-06-30T00:29:00.020+0000] {local_task_job_runner.py:222} INFO - ::endgroup::
[2026-06-30T00:47:21.315+0000] {local_task_job_runner.py:120} INFO - ::group::Pre task execution logs
[2026-06-30T00:47:21.342+0000] {taskinstance.py:2073} INFO - Dependencies all met for dep_context=non-requeueable deps ti=<TaskInstance: pipeline_economia_br.transform scheduled__2026-06-28T08:00:00+00:00 [queued]>
[2026-06-30T00:47:21.350+0000] {taskinstance.py:2073} INFO - Dependencies all met for dep_context=requeueable deps ti=<TaskInstance: pipeline_economia_br.transform scheduled__2026-06-28T08:00:00+00:00 [queued]>
[2026-06-30T00:47:21.350+0000] {taskinstance.py:2303} INFO - Starting attempt 1 of 2
[2026-06-30T00:47:21.362+0000] {taskinstance.py:2327} INFO - Executing <Task(PythonOperator): transform> on 2026-06-28 08:00:00+00:00
[2026-06-30T00:47:21.370+0000] {standard_task_runner.py:90} INFO - Running: ['***', 'tasks', 'run', 'pipeline_economia_br', 'transform', 'scheduled__2026-06-28T08:00:00+00:00', '--job-id', '3', '--raw', '--subdir', 'DAGS_FOLDER/pipeline_economia.py', '--cfg-path', '/tmp/tmp7ab4c1tm']
[2026-06-30T00:47:21.373+0000] {standard_task_runner.py:91} INFO - Job 3: Subtask transform
[2026-06-30T00:47:21.374+0000] {logging_mixin.py:188} WARNING - /home/***/.local/lib/python3.12/site-packages/***/task/task_runner/standard_task_runner.py:61 DeprecationWarning: This process (pid=207) is multi-threaded, use of fork() may lead to deadlocks in the child.
[2026-06-30T00:47:21.376+0000] {standard_task_runner.py:63} INFO - Started process 210 to run task
[2026-06-30T00:47:21.423+0000] {task_command.py:426} INFO - Running <TaskInstance: pipeline_economia_br.transform scheduled__2026-06-28T08:00:00+00:00 [running]> on host f1d16f70c6e2
[2026-06-30T00:47:21.496+0000] {taskinstance.py:2644} INFO - Exporting env vars: AIRFLOW_CTX_DAG_OWNER='João_Vitor' AIRFLOW_CTX_DAG_ID='pipeline_economia_br' AIRFLOW_CTX_TASK_ID='transform' AIRFLOW_CTX_EXECUTION_DATE='2026-06-28T08:00:00+00:00' AIRFLOW_CTX_TRY_NUMBER='1' AIRFLOW_CTX_DAG_RUN_ID='scheduled__2026-06-28T08:00:00+00:00'
[2026-06-30T00:47:21.498+0000] {taskinstance.py:430} INFO - ::endgroup::
[2026-06-30T00:47:21.558+0000] {logging_mixin.py:188} INFO -       period  inflation_rate indicator
0 2015-01-01            1.24      ipca
1 2015-02-01            1.22      ipca
2 2015-03-01            1.32      ipca
3 2015-04-01            0.71      ipca
4 2015-05-01            0.74      ipca
[2026-06-30T00:47:21.592+0000] {logging_mixin.py:188} INFO -       period  selic_rate indicator
0 2016-01-04    0.052531     selic
1 2016-01-05    0.052531     selic
2 2016-01-06    0.052531     selic
3 2016-01-07    0.052531     selic
4 2016-01-08    0.052531     selic
[2026-06-30T00:47:21.611+0000] {logging_mixin.py:188} INFO -       period  unemployment_rate     indicator
0 2012-03-01                8.0  unemployment
1 2012-04-01                7.8  unemployment
2 2012-05-01                7.7  unemployment
3 2012-06-01                7.6  unemployment
4 2012-07-01                7.5  unemployment
[2026-06-30T00:47:21.630+0000] {logging_mixin.py:188} INFO -       period  igpm_rate indicator
0 2016-01-01       1.14      igpm
1 2016-02-01       1.29      igpm
2 2016-03-01       0.51      igpm
3 2016-04-01       0.33      igpm
4 2016-05-01       0.82      igpm
[2026-06-30T00:47:21.657+0000] {logging_mixin.py:188} INFO -       period  exchange_rate      indicator
0 2016-01-04         4.0387  exchange_rate
1 2016-01-05         4.0114  exchange_rate
2 2016-01-06         4.0303  exchange_rate
3 2016-01-07         4.0475  exchange_rate
4 2016-01-08         4.0250  exchange_rate
[2026-06-30T00:47:21.675+0000] {logging_mixin.py:188} INFO -       period    gdp indicator
0 2016-01-01  66.50       gdp
1 2016-02-01  66.66       gdp
2 2016-03-01  66.33       gdp
3 2016-04-01  66.62       gdp
4 2016-05-01  67.58       gdp
[2026-06-30T00:47:21.676+0000] {python.py:237} INFO - Done. Returned value was: None
[2026-06-30T00:47:21.676+0000] {taskinstance.py:441} INFO - ::group::Post task execution logs
[2026-06-30T00:47:21.685+0000] {taskinstance.py:1205} INFO - Marking task as SUCCESS. dag_id=pipeline_economia_br, task_id=transform, execution_date=20260628T080000, start_date=20260630T004721, end_date=20260630T004721
[2026-06-30T00:47:21.710+0000] {local_task_job_runner.py:240} INFO - Task exited with return code 0
[2026-06-30T00:47:21.729+0000] {taskinstance.py:3482} INFO - 0 downstream tasks scheduled from follow-on schedule check
[2026-06-30T00:47:21.731+0000] {local_task_job_runner.py:222} INFO - ::endgroup::
