[2026-06-28T21:43:03.987+0000] {processor.py:161} INFO - Started process (PID=168) to work on /opt/airflow/dags/pipeline_economia.py
[2026-06-28T21:43:03.989+0000] {processor.py:830} INFO - Processing file /opt/airflow/dags/pipeline_economia.py for tasks to queue
[2026-06-28T21:43:03.991+0000] {logging_mixin.py:188} INFO - [2026-06-28T21:43:03.991+0000] {dagbag.py:540} INFO - Filling up the DagBag from /opt/airflow/dags/pipeline_economia.py
[2026-06-28T21:43:05.470+0000] {processor.py:840} INFO - DAG(s) 'pipeline_economia_br' retrieved from /opt/airflow/dags/pipeline_economia.py
[2026-06-28T21:43:05.520+0000] {logging_mixin.py:188} INFO - [2026-06-28T21:43:05.519+0000] {dag.py:3096} INFO - Sync 1 DAGs
[2026-06-28T21:43:05.559+0000] {logging_mixin.py:188} INFO - [2026-06-28T21:43:05.559+0000] {dag.py:3954} INFO - Setting next_dagrun for pipeline_economia_br to 2026-06-27 08:00:00+00:00, run_after=2026-06-28 08:00:00+00:00
[2026-06-28T21:43:05.601+0000] {processor.py:183} INFO - Processing /opt/airflow/dags/pipeline_economia.py took 1.624 seconds
[2026-06-28T21:43:36.002+0000] {processor.py:161} INFO - Started process (PID=175) to work on /opt/airflow/dags/pipeline_economia.py
[2026-06-28T21:43:36.004+0000] {processor.py:830} INFO - Processing file /opt/airflow/dags/pipeline_economia.py for tasks to queue
[2026-06-28T21:43:36.009+0000] {logging_mixin.py:188} INFO - [2026-06-28T21:43:36.009+0000] {dagbag.py:540} INFO - Filling up the DagBag from /opt/airflow/dags/pipeline_economia.py
[2026-06-28T21:43:37.442+0000] {processor.py:840} INFO - DAG(s) 'pipeline_economia_br' retrieved from /opt/airflow/dags/pipeline_economia.py
[2026-06-28T21:43:37.811+0000] {logging_mixin.py:188} INFO - [2026-06-28T21:43:37.810+0000] {dag.py:3096} INFO - Sync 1 DAGs
[2026-06-28T21:43:37.837+0000] {logging_mixin.py:188} INFO - [2026-06-28T21:43:37.837+0000] {dag.py:3954} INFO - Setting next_dagrun for pipeline_economia_br to 2026-06-27 08:00:00+00:00, run_after=2026-06-28 08:00:00+00:00
[2026-06-28T21:43:37.871+0000] {processor.py:183} INFO - Processing /opt/airflow/dags/pipeline_economia.py took 1.883 seconds
[2026-06-28T21:44:08.251+0000] {processor.py:161} INFO - Started process (PID=182) to work on /opt/airflow/dags/pipeline_economia.py
[2026-06-28T21:44:08.253+0000] {processor.py:830} INFO - Processing file /opt/airflow/dags/pipeline_economia.py for tasks to queue
[2026-06-28T21:44:08.257+0000] {logging_mixin.py:188} INFO - [2026-06-28T21:44:08.257+0000] {dagbag.py:540} INFO - Filling up the DagBag from /opt/airflow/dags/pipeline_economia.py
[2026-06-28T21:44:09.487+0000] {processor.py:840} INFO - DAG(s) 'pipeline_economia_br' retrieved from /opt/airflow/dags/pipeline_economia.py
[2026-06-28T21:44:09.521+0000] {logging_mixin.py:188} INFO - [2026-06-28T21:44:09.521+0000] {dag.py:3096} INFO - Sync 1 DAGs
[2026-06-28T21:44:09.552+0000] {logging_mixin.py:188} INFO - [2026-06-28T21:44:09.551+0000] {dag.py:3954} INFO - Setting next_dagrun for pipeline_economia_br to 2026-06-27 08:00:00+00:00, run_after=2026-06-28 08:00:00+00:00
[2026-06-28T21:44:09.586+0000] {processor.py:183} INFO - Processing /opt/airflow/dags/pipeline_economia.py took 1.347 seconds
[2026-06-28T21:44:39.889+0000] {processor.py:161} INFO - Started process (PID=189) to work on /opt/airflow/dags/pipeline_economia.py
[2026-06-28T21:44:39.891+0000] {processor.py:830} INFO - Processing file /opt/airflow/dags/pipeline_economia.py for tasks to queue
[2026-06-28T21:44:39.894+0000] {logging_mixin.py:188} INFO - [2026-06-28T21:44:39.893+0000] {dagbag.py:540} INFO - Filling up the DagBag from /opt/airflow/dags/pipeline_economia.py
[2026-06-28T21:44:41.039+0000] {processor.py:840} INFO - DAG(s) 'pipeline_economia_br' retrieved from /opt/airflow/dags/pipeline_economia.py
[2026-06-28T21:44:41.084+0000] {logging_mixin.py:188} INFO - [2026-06-28T21:44:41.083+0000] {dag.py:3096} INFO - Sync 1 DAGs
[2026-06-28T21:44:41.116+0000] {logging_mixin.py:188} INFO - [2026-06-28T21:44:41.115+0000] {dag.py:3954} INFO - Setting next_dagrun for pipeline_economia_br to 2026-06-27 08:00:00+00:00, run_after=2026-06-28 08:00:00+00:00
[2026-06-28T21:44:41.151+0000] {processor.py:183} INFO - Processing /opt/airflow/dags/pipeline_economia.py took 1.270 seconds
[2026-06-28T21:45:11.546+0000] {processor.py:161} INFO - Started process (PID=196) to work on /opt/airflow/dags/pipeline_economia.py
[2026-06-28T21:45:11.551+0000] {processor.py:830} INFO - Processing file /opt/airflow/dags/pipeline_economia.py for tasks to queue
[2026-06-28T21:45:11.569+0000] {logging_mixin.py:188} INFO - [2026-06-28T21:45:11.566+0000] {dagbag.py:540} INFO - Filling up the DagBag from /opt/airflow/dags/pipeline_economia.py
[2026-06-28T21:45:13.526+0000] {processor.py:840} INFO - DAG(s) 'pipeline_economia_br' retrieved from /opt/airflow/dags/pipeline_economia.py
[2026-06-28T21:45:13.552+0000] {logging_mixin.py:188} INFO - [2026-06-28T21:45:13.551+0000] {dag.py:3096} INFO - Sync 1 DAGs
[2026-06-28T21:45:13.593+0000] {logging_mixin.py:188} INFO - [2026-06-28T21:45:13.592+0000] {dag.py:3954} INFO - Setting next_dagrun for pipeline_economia_br to 2026-06-27 08:00:00+00:00, run_after=2026-06-28 08:00:00+00:00
[2026-06-28T21:45:13.637+0000] {processor.py:183} INFO - Processing /opt/airflow/dags/pipeline_economia.py took 2.137 seconds
[2026-06-28T21:45:43.795+0000] {processor.py:161} INFO - Started process (PID=203) to work on /opt/airflow/dags/pipeline_economia.py
[2026-06-28T21:45:43.799+0000] {processor.py:830} INFO - Processing file /opt/airflow/dags/pipeline_economia.py for tasks to queue
[2026-06-28T21:45:43.802+0000] {logging_mixin.py:188} INFO - [2026-06-28T21:45:43.801+0000] {dagbag.py:540} INFO - Filling up the DagBag from /opt/airflow/dags/pipeline_economia.py
[2026-06-28T21:45:45.104+0000] {processor.py:840} INFO - DAG(s) 'pipeline_economia_br' retrieved from /opt/airflow/dags/pipeline_economia.py
[2026-06-28T21:45:45.359+0000] {logging_mixin.py:188} INFO - [2026-06-28T21:45:45.359+0000] {dag.py:3096} INFO - Sync 1 DAGs
[2026-06-28T21:45:45.406+0000] {logging_mixin.py:188} INFO - [2026-06-28T21:45:45.406+0000] {dag.py:3954} INFO - Setting next_dagrun for pipeline_economia_br to 2026-06-27 08:00:00+00:00, run_after=2026-06-28 08:00:00+00:00
[2026-06-28T21:45:45.446+0000] {processor.py:183} INFO - Processing /opt/airflow/dags/pipeline_economia.py took 1.670 seconds
[2026-06-28T21:46:15.814+0000] {processor.py:161} INFO - Started process (PID=210) to work on /opt/airflow/dags/pipeline_economia.py
[2026-06-28T21:46:15.817+0000] {processor.py:830} INFO - Processing file /opt/airflow/dags/pipeline_economia.py for tasks to queue
[2026-06-28T21:46:15.821+0000] {logging_mixin.py:188} INFO - [2026-06-28T21:46:15.820+0000] {dagbag.py:540} INFO - Filling up the DagBag from /opt/airflow/dags/pipeline_economia.py
[2026-06-28T21:46:16.971+0000] {processor.py:840} INFO - DAG(s) 'pipeline_economia_br' retrieved from /opt/airflow/dags/pipeline_economia.py
[2026-06-28T21:46:17.018+0000] {logging_mixin.py:188} INFO - [2026-06-28T21:46:17.018+0000] {dag.py:3096} INFO - Sync 1 DAGs
[2026-06-28T21:46:17.046+0000] {logging_mixin.py:188} INFO - [2026-06-28T21:46:17.045+0000] {dag.py:3954} INFO - Setting next_dagrun for pipeline_economia_br to 2026-06-27 08:00:00+00:00, run_after=2026-06-28 08:00:00+00:00
[2026-06-28T21:46:17.079+0000] {processor.py:183} INFO - Processing /opt/airflow/dags/pipeline_economia.py took 1.278 seconds
[2026-06-28T21:46:47.408+0000] {processor.py:161} INFO - Started process (PID=217) to work on /opt/airflow/dags/pipeline_economia.py
[2026-06-28T21:46:47.409+0000] {processor.py:830} INFO - Processing file /opt/airflow/dags/pipeline_economia.py for tasks to queue
[2026-06-28T21:46:47.411+0000] {logging_mixin.py:188} INFO - [2026-06-28T21:46:47.410+0000] {dagbag.py:540} INFO - Filling up the DagBag from /opt/airflow/dags/pipeline_economia.py
[2026-06-28T21:46:47.949+0000] {processor.py:840} INFO - DAG(s) 'pipeline_economia_br' retrieved from /opt/airflow/dags/pipeline_economia.py
[2026-06-28T21:46:47.970+0000] {logging_mixin.py:188} INFO - [2026-06-28T21:46:47.970+0000] {dag.py:3096} INFO - Sync 1 DAGs
[2026-06-28T21:46:47.985+0000] {logging_mixin.py:188} INFO - [2026-06-28T21:46:47.985+0000] {dag.py:3954} INFO - Setting next_dagrun for pipeline_economia_br to 2026-06-27 08:00:00+00:00, run_after=2026-06-28 08:00:00+00:00
[2026-06-28T21:46:48.000+0000] {processor.py:183} INFO - Processing /opt/airflow/dags/pipeline_economia.py took 0.597 seconds
[2026-06-28T21:47:18.240+0000] {processor.py:161} INFO - Started process (PID=224) to work on /opt/airflow/dags/pipeline_economia.py
[2026-06-28T21:47:18.241+0000] {processor.py:830} INFO - Processing file /opt/airflow/dags/pipeline_economia.py for tasks to queue
[2026-06-28T21:47:18.243+0000] {logging_mixin.py:188} INFO - [2026-06-28T21:47:18.242+0000] {dagbag.py:540} INFO - Filling up the DagBag from /opt/airflow/dags/pipeline_economia.py
[2026-06-28T21:47:19.174+0000] {processor.py:840} INFO - DAG(s) 'pipeline_economia_br' retrieved from /opt/airflow/dags/pipeline_economia.py
[2026-06-28T21:47:19.203+0000] {logging_mixin.py:188} INFO - [2026-06-28T21:47:19.202+0000] {dag.py:3096} INFO - Sync 1 DAGs
[2026-06-28T21:47:19.223+0000] {logging_mixin.py:188} INFO - [2026-06-28T21:47:19.223+0000] {dag.py:3954} INFO - Setting next_dagrun for pipeline_economia_br to 2026-06-27 08:00:00+00:00, run_after=2026-06-28 08:00:00+00:00
[2026-06-28T21:47:19.240+0000] {processor.py:183} INFO - Processing /opt/airflow/dags/pipeline_economia.py took 1.005 seconds
[2026-06-28T21:47:49.532+0000] {processor.py:161} INFO - Started process (PID=231) to work on /opt/airflow/dags/pipeline_economia.py
[2026-06-28T21:47:49.534+0000] {processor.py:830} INFO - Processing file /opt/airflow/dags/pipeline_economia.py for tasks to queue
[2026-06-28T21:47:49.543+0000] {logging_mixin.py:188} INFO - [2026-06-28T21:47:49.542+0000] {dagbag.py:540} INFO - Filling up the DagBag from /opt/airflow/dags/pipeline_economia.py
[2026-06-28T21:47:50.500+0000] {processor.py:840} INFO - DAG(s) 'pipeline_economia_br' retrieved from /opt/airflow/dags/pipeline_economia.py
[2026-06-28T21:47:50.512+0000] {logging_mixin.py:188} INFO - [2026-06-28T21:47:50.511+0000] {dag.py:3096} INFO - Sync 1 DAGs
[2026-06-28T21:47:50.526+0000] {logging_mixin.py:188} INFO - [2026-06-28T21:47:50.526+0000] {dag.py:3954} INFO - Setting next_dagrun for pipeline_economia_br to 2026-06-27 08:00:00+00:00, run_after=2026-06-28 08:00:00+00:00
[2026-06-28T21:47:50.540+0000] {processor.py:183} INFO - Processing /opt/airflow/dags/pipeline_economia.py took 1.033 seconds
[2026-06-28T21:48:20.748+0000] {processor.py:161} INFO - Started process (PID=238) to work on /opt/airflow/dags/pipeline_economia.py
[2026-06-28T21:48:20.749+0000] {processor.py:830} INFO - Processing file /opt/airflow/dags/pipeline_economia.py for tasks to queue
[2026-06-28T21:48:20.750+0000] {logging_mixin.py:188} INFO - [2026-06-28T21:48:20.750+0000] {dagbag.py:540} INFO - Filling up the DagBag from /opt/airflow/dags/pipeline_economia.py
[2026-06-28T21:48:21.343+0000] {processor.py:840} INFO - DAG(s) 'pipeline_economia_br' retrieved from /opt/airflow/dags/pipeline_economia.py
[2026-06-28T21:48:21.424+0000] {logging_mixin.py:188} INFO - [2026-06-28T21:48:21.423+0000] {dag.py:3096} INFO - Sync 1 DAGs
[2026-06-28T21:48:21.437+0000] {logging_mixin.py:188} INFO - [2026-06-28T21:48:21.437+0000] {dag.py:3954} INFO - Setting next_dagrun for pipeline_economia_br to 2026-06-27 08:00:00+00:00, run_after=2026-06-28 08:00:00+00:00
[2026-06-28T21:48:21.453+0000] {processor.py:183} INFO - Processing /opt/airflow/dags/pipeline_economia.py took 0.710 seconds
[2026-06-28T21:48:51.675+0000] {processor.py:161} INFO - Started process (PID=245) to work on /opt/airflow/dags/pipeline_economia.py
[2026-06-28T21:48:51.677+0000] {processor.py:830} INFO - Processing file /opt/airflow/dags/pipeline_economia.py for tasks to queue
[2026-06-28T21:48:51.678+0000] {logging_mixin.py:188} INFO - [2026-06-28T21:48:51.678+0000] {dagbag.py:540} INFO - Filling up the DagBag from /opt/airflow/dags/pipeline_economia.py
[2026-06-28T21:48:52.275+0000] {processor.py:840} INFO - DAG(s) 'pipeline_economia_br' retrieved from /opt/airflow/dags/pipeline_economia.py
[2026-06-28T21:48:52.298+0000] {logging_mixin.py:188} INFO - [2026-06-28T21:48:52.297+0000] {dag.py:3096} INFO - Sync 1 DAGs
[2026-06-28T21:48:52.313+0000] {logging_mixin.py:188} INFO - [2026-06-28T21:48:52.313+0000] {dag.py:3954} INFO - Setting next_dagrun for pipeline_economia_br to 2026-06-27 08:00:00+00:00, run_after=2026-06-28 08:00:00+00:00
[2026-06-28T21:48:52.333+0000] {processor.py:183} INFO - Processing /opt/airflow/dags/pipeline_economia.py took 0.663 seconds
[2026-06-28T21:49:22.545+0000] {processor.py:161} INFO - Started process (PID=252) to work on /opt/airflow/dags/pipeline_economia.py
[2026-06-28T21:49:22.547+0000] {processor.py:830} INFO - Processing file /opt/airflow/dags/pipeline_economia.py for tasks to queue
[2026-06-28T21:49:22.549+0000] {logging_mixin.py:188} INFO - [2026-06-28T21:49:22.548+0000] {dagbag.py:540} INFO - Filling up the DagBag from /opt/airflow/dags/pipeline_economia.py
[2026-06-28T21:49:23.170+0000] {processor.py:840} INFO - DAG(s) 'pipeline_economia_br' retrieved from /opt/airflow/dags/pipeline_economia.py
[2026-06-28T21:49:23.193+0000] {logging_mixin.py:188} INFO - [2026-06-28T21:49:23.193+0000] {dag.py:3096} INFO - Sync 1 DAGs
[2026-06-28T21:49:23.208+0000] {logging_mixin.py:188} INFO - [2026-06-28T21:49:23.208+0000] {dag.py:3954} INFO - Setting next_dagrun for pipeline_economia_br to 2026-06-27 08:00:00+00:00, run_after=2026-06-28 08:00:00+00:00
[2026-06-28T21:49:23.223+0000] {processor.py:183} INFO - Processing /opt/airflow/dags/pipeline_economia.py took 0.684 seconds
[2026-06-28T21:49:53.388+0000] {processor.py:161} INFO - Started process (PID=259) to work on /opt/airflow/dags/pipeline_economia.py
[2026-06-28T21:49:53.390+0000] {processor.py:830} INFO - Processing file /opt/airflow/dags/pipeline_economia.py for tasks to queue
[2026-06-28T21:49:53.391+0000] {logging_mixin.py:188} INFO - [2026-06-28T21:49:53.391+0000] {dagbag.py:540} INFO - Filling up the DagBag from /opt/airflow/dags/pipeline_economia.py
[2026-06-28T21:49:54.007+0000] {processor.py:840} INFO - DAG(s) 'pipeline_economia_br' retrieved from /opt/airflow/dags/pipeline_economia.py
[2026-06-28T21:49:54.033+0000] {logging_mixin.py:188} INFO - [2026-06-28T21:49:54.032+0000] {dag.py:3096} INFO - Sync 1 DAGs
[2026-06-28T21:49:54.046+0000] {logging_mixin.py:188} INFO - [2026-06-28T21:49:54.045+0000] {dag.py:3954} INFO - Setting next_dagrun for pipeline_economia_br to 2026-06-27 08:00:00+00:00, run_after=2026-06-28 08:00:00+00:00
[2026-06-28T21:49:54.060+0000] {processor.py:183} INFO - Processing /opt/airflow/dags/pipeline_economia.py took 0.677 seconds
[2026-06-28T21:50:24.293+0000] {processor.py:161} INFO - Started process (PID=266) to work on /opt/airflow/dags/pipeline_economia.py
[2026-06-28T21:50:24.295+0000] {processor.py:830} INFO - Processing file /opt/airflow/dags/pipeline_economia.py for tasks to queue
[2026-06-28T21:50:24.297+0000] {logging_mixin.py:188} INFO - [2026-06-28T21:50:24.297+0000] {dagbag.py:540} INFO - Filling up the DagBag from /opt/airflow/dags/pipeline_economia.py
[2026-06-28T21:50:24.884+0000] {processor.py:840} INFO - DAG(s) 'pipeline_economia_br' retrieved from /opt/airflow/dags/pipeline_economia.py
[2026-06-28T21:50:24.903+0000] {logging_mixin.py:188} INFO - [2026-06-28T21:50:24.903+0000] {dag.py:3096} INFO - Sync 1 DAGs
[2026-06-28T21:50:24.916+0000] {logging_mixin.py:188} INFO - [2026-06-28T21:50:24.916+0000] {dag.py:3954} INFO - Setting next_dagrun for pipeline_economia_br to 2026-06-27 08:00:00+00:00, run_after=2026-06-28 08:00:00+00:00
[2026-06-28T21:50:24.930+0000] {processor.py:183} INFO - Processing /opt/airflow/dags/pipeline_economia.py took 0.643 seconds
[2026-06-28T21:50:55.133+0000] {processor.py:161} INFO - Started process (PID=273) to work on /opt/airflow/dags/pipeline_economia.py
[2026-06-28T21:50:55.134+0000] {processor.py:830} INFO - Processing file /opt/airflow/dags/pipeline_economia.py for tasks to queue
[2026-06-28T21:50:55.136+0000] {logging_mixin.py:188} INFO - [2026-06-28T21:50:55.136+0000] {dagbag.py:540} INFO - Filling up the DagBag from /opt/airflow/dags/pipeline_economia.py
[2026-06-28T21:50:55.749+0000] {processor.py:840} INFO - DAG(s) 'pipeline_economia_br' retrieved from /opt/airflow/dags/pipeline_economia.py
[2026-06-28T21:50:55.770+0000] {logging_mixin.py:188} INFO - [2026-06-28T21:50:55.770+0000] {dag.py:3096} INFO - Sync 1 DAGs
[2026-06-28T21:50:55.784+0000] {logging_mixin.py:188} INFO - [2026-06-28T21:50:55.784+0000] {dag.py:3954} INFO - Setting next_dagrun for pipeline_economia_br to 2026-06-27 08:00:00+00:00, run_after=2026-06-28 08:00:00+00:00
[2026-06-28T21:50:55.799+0000] {processor.py:183} INFO - Processing /opt/airflow/dags/pipeline_economia.py took 0.671 seconds
[2026-06-28T21:51:25.999+0000] {processor.py:161} INFO - Started process (PID=280) to work on /opt/airflow/dags/pipeline_economia.py
[2026-06-28T21:51:26.001+0000] {processor.py:830} INFO - Processing file /opt/airflow/dags/pipeline_economia.py for tasks to queue
[2026-06-28T21:51:26.002+0000] {logging_mixin.py:188} INFO - [2026-06-28T21:51:26.002+0000] {dagbag.py:540} INFO - Filling up the DagBag from /opt/airflow/dags/pipeline_economia.py
[2026-06-28T21:51:26.573+0000] {processor.py:840} INFO - DAG(s) 'pipeline_economia_br' retrieved from /opt/airflow/dags/pipeline_economia.py
[2026-06-28T21:51:26.595+0000] {logging_mixin.py:188} INFO - [2026-06-28T21:51:26.595+0000] {dag.py:3096} INFO - Sync 1 DAGs
[2026-06-28T21:51:26.612+0000] {logging_mixin.py:188} INFO - [2026-06-28T21:51:26.612+0000] {dag.py:3954} INFO - Setting next_dagrun for pipeline_economia_br to 2026-06-27 08:00:00+00:00, run_after=2026-06-28 08:00:00+00:00
[2026-06-28T21:51:26.627+0000] {processor.py:183} INFO - Processing /opt/airflow/dags/pipeline_economia.py took 0.635 seconds
[2026-06-28T21:51:56.844+0000] {processor.py:161} INFO - Started process (PID=287) to work on /opt/airflow/dags/pipeline_economia.py
[2026-06-28T21:51:56.845+0000] {processor.py:830} INFO - Processing file /opt/airflow/dags/pipeline_economia.py for tasks to queue
[2026-06-28T21:51:56.847+0000] {logging_mixin.py:188} INFO - [2026-06-28T21:51:56.847+0000] {dagbag.py:540} INFO - Filling up the DagBag from /opt/airflow/dags/pipeline_economia.py
[2026-06-28T21:51:57.406+0000] {processor.py:840} INFO - DAG(s) 'pipeline_economia_br' retrieved from /opt/airflow/dags/pipeline_economia.py
[2026-06-28T21:51:57.427+0000] {logging_mixin.py:188} INFO - [2026-06-28T21:51:57.426+0000] {dag.py:3096} INFO - Sync 1 DAGs
[2026-06-28T21:51:57.440+0000] {logging_mixin.py:188} INFO - [2026-06-28T21:51:57.440+0000] {dag.py:3954} INFO - Setting next_dagrun for pipeline_economia_br to 2026-06-27 08:00:00+00:00, run_after=2026-06-28 08:00:00+00:00
[2026-06-28T21:51:57.460+0000] {processor.py:183} INFO - Processing /opt/airflow/dags/pipeline_economia.py took 0.621 seconds
[2026-06-28T21:52:27.688+0000] {processor.py:161} INFO - Started process (PID=294) to work on /opt/airflow/dags/pipeline_economia.py
[2026-06-28T21:52:27.689+0000] {processor.py:830} INFO - Processing file /opt/airflow/dags/pipeline_economia.py for tasks to queue
[2026-06-28T21:52:27.691+0000] {logging_mixin.py:188} INFO - [2026-06-28T21:52:27.691+0000] {dagbag.py:540} INFO - Filling up the DagBag from /opt/airflow/dags/pipeline_economia.py
[2026-06-28T21:52:28.254+0000] {processor.py:840} INFO - DAG(s) 'pipeline_economia_br' retrieved from /opt/airflow/dags/pipeline_economia.py
[2026-06-28T21:52:28.278+0000] {logging_mixin.py:188} INFO - [2026-06-28T21:52:28.278+0000] {dag.py:3096} INFO - Sync 1 DAGs
[2026-06-28T21:52:28.294+0000] {logging_mixin.py:188} INFO - [2026-06-28T21:52:28.294+0000] {dag.py:3954} INFO - Setting next_dagrun for pipeline_economia_br to 2026-06-27 08:00:00+00:00, run_after=2026-06-28 08:00:00+00:00
[2026-06-28T21:52:28.308+0000] {processor.py:183} INFO - Processing /opt/airflow/dags/pipeline_economia.py took 0.625 seconds
[2026-06-28T21:52:58.525+0000] {processor.py:161} INFO - Started process (PID=301) to work on /opt/airflow/dags/pipeline_economia.py
[2026-06-28T21:52:58.526+0000] {processor.py:830} INFO - Processing file /opt/airflow/dags/pipeline_economia.py for tasks to queue
[2026-06-28T21:52:58.528+0000] {logging_mixin.py:188} INFO - [2026-06-28T21:52:58.528+0000] {dagbag.py:540} INFO - Filling up the DagBag from /opt/airflow/dags/pipeline_economia.py
[2026-06-28T21:52:59.086+0000] {processor.py:840} INFO - DAG(s) 'pipeline_economia_br' retrieved from /opt/airflow/dags/pipeline_economia.py
[2026-06-28T21:52:59.106+0000] {logging_mixin.py:188} INFO - [2026-06-28T21:52:59.106+0000] {dag.py:3096} INFO - Sync 1 DAGs
[2026-06-28T21:52:59.120+0000] {logging_mixin.py:188} INFO - [2026-06-28T21:52:59.119+0000] {dag.py:3954} INFO - Setting next_dagrun for pipeline_economia_br to 2026-06-27 08:00:00+00:00, run_after=2026-06-28 08:00:00+00:00
[2026-06-28T21:52:59.135+0000] {processor.py:183} INFO - Processing /opt/airflow/dags/pipeline_economia.py took 0.615 seconds
[2026-06-28T21:53:29.386+0000] {processor.py:161} INFO - Started process (PID=308) to work on /opt/airflow/dags/pipeline_economia.py
[2026-06-28T21:53:29.387+0000] {processor.py:830} INFO - Processing file /opt/airflow/dags/pipeline_economia.py for tasks to queue
[2026-06-28T21:53:29.389+0000] {logging_mixin.py:188} INFO - [2026-06-28T21:53:29.388+0000] {dagbag.py:540} INFO - Filling up the DagBag from /opt/airflow/dags/pipeline_economia.py
[2026-06-28T21:53:29.941+0000] {processor.py:840} INFO - DAG(s) 'pipeline_economia_br' retrieved from /opt/airflow/dags/pipeline_economia.py
[2026-06-28T21:53:29.962+0000] {logging_mixin.py:188} INFO - [2026-06-28T21:53:29.961+0000] {dag.py:3096} INFO - Sync 1 DAGs
[2026-06-28T21:53:29.975+0000] {logging_mixin.py:188} INFO - [2026-06-28T21:53:29.975+0000] {dag.py:3954} INFO - Setting next_dagrun for pipeline_economia_br to 2026-06-27 08:00:00+00:00, run_after=2026-06-28 08:00:00+00:00
[2026-06-28T21:53:29.989+0000] {processor.py:183} INFO - Processing /opt/airflow/dags/pipeline_economia.py took 0.608 seconds
[2026-06-28T21:54:00.219+0000] {processor.py:161} INFO - Started process (PID=315) to work on /opt/airflow/dags/pipeline_economia.py
[2026-06-28T21:54:00.220+0000] {processor.py:830} INFO - Processing file /opt/airflow/dags/pipeline_economia.py for tasks to queue
[2026-06-28T21:54:00.222+0000] {logging_mixin.py:188} INFO - [2026-06-28T21:54:00.222+0000] {dagbag.py:540} INFO - Filling up the DagBag from /opt/airflow/dags/pipeline_economia.py
[2026-06-28T21:54:00.930+0000] {processor.py:840} INFO - DAG(s) 'pipeline_economia_br' retrieved from /opt/airflow/dags/pipeline_economia.py
[2026-06-28T21:54:00.952+0000] {logging_mixin.py:188} INFO - [2026-06-28T21:54:00.951+0000] {dag.py:3096} INFO - Sync 1 DAGs
[2026-06-28T21:54:00.966+0000] {logging_mixin.py:188} INFO - [2026-06-28T21:54:00.965+0000] {dag.py:3954} INFO - Setting next_dagrun for pipeline_economia_br to 2026-06-27 08:00:00+00:00, run_after=2026-06-28 08:00:00+00:00
[2026-06-28T21:54:00.984+0000] {processor.py:183} INFO - Processing /opt/airflow/dags/pipeline_economia.py took 0.772 seconds
[2026-06-28T22:04:27.413+0000] {processor.py:161} INFO - Started process (PID=322) to work on /opt/airflow/dags/pipeline_economia.py
[2026-06-28T22:04:27.423+0000] {processor.py:830} INFO - Processing file /opt/airflow/dags/pipeline_economia.py for tasks to queue
[2026-06-28T22:04:27.433+0000] {logging_mixin.py:188} INFO - [2026-06-28T22:04:27.432+0000] {dagbag.py:540} INFO - Filling up the DagBag from /opt/airflow/dags/pipeline_economia.py
[2026-06-28T22:04:29.301+0000] {processor.py:840} INFO - DAG(s) 'pipeline_economia_br' retrieved from /opt/airflow/dags/pipeline_economia.py
[2026-06-28T22:04:29.367+0000] {logging_mixin.py:188} INFO - [2026-06-28T22:04:29.367+0000] {dag.py:3096} INFO - Sync 1 DAGs
[2026-06-28T22:04:29.399+0000] {logging_mixin.py:188} INFO - [2026-06-28T22:04:29.398+0000] {dag.py:3954} INFO - Setting next_dagrun for pipeline_economia_br to 2026-06-27 08:00:00+00:00, run_after=2026-06-28 08:00:00+00:00
[2026-06-28T22:04:29.431+0000] {processor.py:183} INFO - Processing /opt/airflow/dags/pipeline_economia.py took 2.042 seconds
[2026-06-28T22:10:41.614+0000] {processor.py:161} INFO - Started process (PID=333) to work on /opt/airflow/dags/pipeline_economia.py
[2026-06-28T22:10:41.615+0000] {processor.py:830} INFO - Processing file /opt/airflow/dags/pipeline_economia.py for tasks to queue
[2026-06-28T22:10:41.618+0000] {logging_mixin.py:188} INFO - [2026-06-28T22:10:41.617+0000] {dagbag.py:540} INFO - Filling up the DagBag from /opt/airflow/dags/pipeline_economia.py
[2026-06-28T22:10:42.318+0000] {processor.py:840} INFO - DAG(s) 'pipeline_economia_br' retrieved from /opt/airflow/dags/pipeline_economia.py
[2026-06-28T22:10:42.344+0000] {logging_mixin.py:188} INFO - [2026-06-28T22:10:42.344+0000] {dag.py:3096} INFO - Sync 1 DAGs
[2026-06-28T22:10:42.367+0000] {logging_mixin.py:188} INFO - [2026-06-28T22:10:42.367+0000] {dag.py:3954} INFO - Setting next_dagrun for pipeline_economia_br to 2026-06-27 08:00:00+00:00, run_after=2026-06-28 08:00:00+00:00
[2026-06-28T22:10:42.388+0000] {processor.py:183} INFO - Processing /opt/airflow/dags/pipeline_economia.py took 0.782 seconds
[2026-06-28T22:11:56.239+0000] {processor.py:161} INFO - Started process (PID=340) to work on /opt/airflow/dags/pipeline_economia.py
[2026-06-28T22:11:56.243+0000] {processor.py:830} INFO - Processing file /opt/airflow/dags/pipeline_economia.py for tasks to queue
[2026-06-28T22:11:56.246+0000] {logging_mixin.py:188} INFO - [2026-06-28T22:11:56.246+0000] {dagbag.py:540} INFO - Filling up the DagBag from /opt/airflow/dags/pipeline_economia.py
[2026-06-28T22:14:43.176+0000] {processor.py:840} INFO - DAG(s) 'pipeline_economia_br' retrieved from /opt/airflow/dags/pipeline_economia.py
[2026-06-28T22:14:43.223+0000] {logging_mixin.py:188} INFO - [2026-06-28T22:14:43.222+0000] {dag.py:3096} INFO - Sync 1 DAGs
[2026-06-28T22:15:13.529+0000] {processor.py:161} INFO - Started process (PID=349) to work on /opt/airflow/dags/pipeline_economia.py
[2026-06-28T22:15:13.530+0000] {processor.py:830} INFO - Processing file /opt/airflow/dags/pipeline_economia.py for tasks to queue
[2026-06-28T22:15:13.534+0000] {logging_mixin.py:188} INFO - [2026-06-28T22:15:13.533+0000] {dagbag.py:540} INFO - Filling up the DagBag from /opt/airflow/dags/pipeline_economia.py
[2026-06-28T22:15:14.091+0000] {processor.py:840} INFO - DAG(s) 'pipeline_economia_br' retrieved from /opt/airflow/dags/pipeline_economia.py
[2026-06-28T22:15:14.113+0000] {logging_mixin.py:188} INFO - [2026-06-28T22:15:14.112+0000] {dag.py:3096} INFO - Sync 1 DAGs
[2026-06-28T22:15:14.127+0000] {logging_mixin.py:188} INFO - [2026-06-28T22:15:14.127+0000] {dag.py:3954} INFO - Setting next_dagrun for pipeline_economia_br to 2026-06-27 08:00:00+00:00, run_after=2026-06-28 08:00:00+00:00
[2026-06-28T22:15:14.141+0000] {processor.py:183} INFO - Processing /opt/airflow/dags/pipeline_economia.py took 0.617 seconds
[2026-06-28T23:25:32.397+0000] {processor.py:161} INFO - Started process (PID=358) to work on /opt/airflow/dags/pipeline_economia.py
[2026-06-28T23:25:32.407+0000] {processor.py:830} INFO - Processing file /opt/airflow/dags/pipeline_economia.py for tasks to queue
[2026-06-28T23:25:32.451+0000] {logging_mixin.py:188} INFO - [2026-06-28T23:25:32.442+0000] {dagbag.py:540} INFO - Filling up the DagBag from /opt/airflow/dags/pipeline_economia.py
[2026-06-28T23:40:20.414+0000] {processor.py:161} INFO - Started process (PID=364) to work on /opt/airflow/dags/pipeline_economia.py
[2026-06-28T23:40:20.419+0000] {processor.py:830} INFO - Processing file /opt/airflow/dags/pipeline_economia.py for tasks to queue
[2026-06-28T23:40:20.438+0000] {logging_mixin.py:188} INFO - [2026-06-28T23:40:20.434+0000] {dagbag.py:540} INFO - Filling up the DagBag from /opt/airflow/dags/pipeline_economia.py
[2026-06-28T23:40:22.829+0000] {processor.py:840} INFO - DAG(s) 'pipeline_economia_br' retrieved from /opt/airflow/dags/pipeline_economia.py
[2026-06-28T23:40:22.889+0000] {logging_mixin.py:188} INFO - [2026-06-28T23:40:22.888+0000] {dag.py:3096} INFO - Sync 1 DAGs
[2026-06-28T23:40:22.916+0000] {logging_mixin.py:188} INFO - [2026-06-28T23:40:22.916+0000] {dag.py:3954} INFO - Setting next_dagrun for pipeline_economia_br to 2026-06-27 08:00:00+00:00, run_after=2026-06-28 08:00:00+00:00
[2026-06-28T23:40:22.939+0000] {processor.py:183} INFO - Processing /opt/airflow/dags/pipeline_economia.py took 2.543 seconds
[2026-06-28T23:40:53.160+0000] {processor.py:161} INFO - Started process (PID=371) to work on /opt/airflow/dags/pipeline_economia.py
[2026-06-28T23:40:53.161+0000] {processor.py:830} INFO - Processing file /opt/airflow/dags/pipeline_economia.py for tasks to queue
[2026-06-28T23:40:53.163+0000] {logging_mixin.py:188} INFO - [2026-06-28T23:40:53.163+0000] {dagbag.py:540} INFO - Filling up the DagBag from /opt/airflow/dags/pipeline_economia.py
[2026-06-28T23:40:53.911+0000] {processor.py:840} INFO - DAG(s) 'pipeline_economia_br' retrieved from /opt/airflow/dags/pipeline_economia.py
[2026-06-28T23:40:53.939+0000] {logging_mixin.py:188} INFO - [2026-06-28T23:40:53.938+0000] {dag.py:3096} INFO - Sync 1 DAGs
[2026-06-28T23:40:53.963+0000] {logging_mixin.py:188} INFO - [2026-06-28T23:40:53.963+0000] {dag.py:3954} INFO - Setting next_dagrun for pipeline_economia_br to 2026-06-27 08:00:00+00:00, run_after=2026-06-28 08:00:00+00:00
[2026-06-28T23:40:54.024+0000] {processor.py:183} INFO - Processing /opt/airflow/dags/pipeline_economia.py took 0.870 seconds
[2026-06-28T23:41:16.806+0000] {processor.py:161} INFO - Started process (PID=169) to work on /opt/airflow/dags/pipeline_economia.py
[2026-06-28T23:41:16.808+0000] {processor.py:830} INFO - Processing file /opt/airflow/dags/pipeline_economia.py for tasks to queue
[2026-06-28T23:41:16.810+0000] {logging_mixin.py:188} INFO - [2026-06-28T23:41:16.809+0000] {dagbag.py:540} INFO - Filling up the DagBag from /opt/airflow/dags/pipeline_economia.py
[2026-06-28T23:41:18.613+0000] {processor.py:840} INFO - DAG(s) 'pipeline_economia_br' retrieved from /opt/airflow/dags/pipeline_economia.py
[2026-06-28T23:41:18.783+0000] {logging_mixin.py:188} INFO - [2026-06-28T23:41:18.783+0000] {override.py:1829} INFO - Created Permission View: can read on DAG:pipeline_economia_br
[2026-06-28T23:41:18.791+0000] {logging_mixin.py:188} INFO - [2026-06-28T23:41:18.791+0000] {override.py:1829} INFO - Created Permission View: can delete on DAG:pipeline_economia_br
[2026-06-28T23:41:18.796+0000] {logging_mixin.py:188} INFO - [2026-06-28T23:41:18.796+0000] {override.py:1829} INFO - Created Permission View: can edit on DAG:pipeline_economia_br
[2026-06-28T23:41:18.797+0000] {logging_mixin.py:188} INFO - [2026-06-28T23:41:18.797+0000] {dag.py:3096} INFO - Sync 1 DAGs
[2026-06-28T23:41:18.805+0000] {logging_mixin.py:188} INFO - [2026-06-28T23:41:18.804+0000] {dag.py:3118} INFO - Creating ORM DAG for pipeline_economia_br
[2026-06-28T23:41:18.812+0000] {logging_mixin.py:188} INFO - [2026-06-28T23:41:18.812+0000] {dag.py:3954} INFO - Setting next_dagrun for pipeline_economia_br to 2026-06-27 08:00:00+00:00, run_after=2026-06-28 08:00:00+00:00
[2026-06-28T23:41:18.829+0000] {processor.py:183} INFO - Processing /opt/airflow/dags/pipeline_economia.py took 2.028 seconds
[2026-06-28T23:41:49.052+0000] {processor.py:161} INFO - Started process (PID=176) to work on /opt/airflow/dags/pipeline_economia.py
[2026-06-28T23:41:49.053+0000] {processor.py:830} INFO - Processing file /opt/airflow/dags/pipeline_economia.py for tasks to queue
[2026-06-28T23:41:49.055+0000] {logging_mixin.py:188} INFO - [2026-06-28T23:41:49.055+0000] {dagbag.py:540} INFO - Filling up the DagBag from /opt/airflow/dags/pipeline_economia.py
[2026-06-28T23:41:49.648+0000] {processor.py:840} INFO - DAG(s) 'pipeline_economia_br' retrieved from /opt/airflow/dags/pipeline_economia.py
[2026-06-28T23:41:49.668+0000] {logging_mixin.py:188} INFO - [2026-06-28T23:41:49.668+0000] {dag.py:3096} INFO - Sync 1 DAGs
[2026-06-28T23:41:49.682+0000] {logging_mixin.py:188} INFO - [2026-06-28T23:41:49.682+0000] {dag.py:3954} INFO - Setting next_dagrun for pipeline_economia_br to 2026-06-27 08:00:00+00:00, run_after=2026-06-28 08:00:00+00:00
[2026-06-28T23:41:49.699+0000] {processor.py:183} INFO - Processing /opt/airflow/dags/pipeline_economia.py took 0.653 seconds
[2026-06-28T23:42:19.966+0000] {processor.py:161} INFO - Started process (PID=183) to work on /opt/airflow/dags/pipeline_economia.py
[2026-06-28T23:42:19.968+0000] {processor.py:830} INFO - Processing file /opt/airflow/dags/pipeline_economia.py for tasks to queue
[2026-06-28T23:42:19.970+0000] {logging_mixin.py:188} INFO - [2026-06-28T23:42:19.970+0000] {dagbag.py:540} INFO - Filling up the DagBag from /opt/airflow/dags/pipeline_economia.py
[2026-06-28T23:42:20.518+0000] {processor.py:840} INFO - DAG(s) 'pipeline_economia_br' retrieved from /opt/airflow/dags/pipeline_economia.py
[2026-06-28T23:42:20.538+0000] {logging_mixin.py:188} INFO - [2026-06-28T23:42:20.537+0000] {dag.py:3096} INFO - Sync 1 DAGs
[2026-06-28T23:42:20.552+0000] {logging_mixin.py:188} INFO - [2026-06-28T23:42:20.552+0000] {dag.py:3954} INFO - Setting next_dagrun for pipeline_economia_br to 2026-06-27 08:00:00+00:00, run_after=2026-06-28 08:00:00+00:00
[2026-06-28T23:42:20.566+0000] {processor.py:183} INFO - Processing /opt/airflow/dags/pipeline_economia.py took 0.605 seconds
[2026-06-28T23:42:50.813+0000] {processor.py:161} INFO - Started process (PID=190) to work on /opt/airflow/dags/pipeline_economia.py
[2026-06-28T23:42:50.814+0000] {processor.py:830} INFO - Processing file /opt/airflow/dags/pipeline_economia.py for tasks to queue
[2026-06-28T23:42:50.817+0000] {logging_mixin.py:188} INFO - [2026-06-28T23:42:50.817+0000] {dagbag.py:540} INFO - Filling up the DagBag from /opt/airflow/dags/pipeline_economia.py
[2026-06-28T23:42:51.505+0000] {processor.py:840} INFO - DAG(s) 'pipeline_economia_br' retrieved from /opt/airflow/dags/pipeline_economia.py
[2026-06-28T23:42:51.534+0000] {logging_mixin.py:188} INFO - [2026-06-28T23:42:51.533+0000] {dag.py:3096} INFO - Sync 1 DAGs
[2026-06-28T23:42:51.555+0000] {logging_mixin.py:188} INFO - [2026-06-28T23:42:51.554+0000] {dag.py:3954} INFO - Setting next_dagrun for pipeline_economia_br to 2026-06-27 08:00:00+00:00, run_after=2026-06-28 08:00:00+00:00
[2026-06-28T23:42:51.574+0000] {processor.py:183} INFO - Processing /opt/airflow/dags/pipeline_economia.py took 0.769 seconds
[2026-06-28T23:43:21.672+0000] {processor.py:161} INFO - Started process (PID=197) to work on /opt/airflow/dags/pipeline_economia.py
[2026-06-28T23:43:21.674+0000] {processor.py:830} INFO - Processing file /opt/airflow/dags/pipeline_economia.py for tasks to queue
[2026-06-28T23:43:21.676+0000] {logging_mixin.py:188} INFO - [2026-06-28T23:43:21.676+0000] {dagbag.py:540} INFO - Filling up the DagBag from /opt/airflow/dags/pipeline_economia.py
[2026-06-28T23:43:22.263+0000] {processor.py:840} INFO - DAG(s) 'pipeline_economia_br' retrieved from /opt/airflow/dags/pipeline_economia.py
[2026-06-28T23:43:22.285+0000] {logging_mixin.py:188} INFO - [2026-06-28T23:43:22.285+0000] {dag.py:3096} INFO - Sync 1 DAGs
[2026-06-28T23:43:22.300+0000] {logging_mixin.py:188} INFO - [2026-06-28T23:43:22.300+0000] {dag.py:3954} INFO - Setting next_dagrun for pipeline_economia_br to 2026-06-27 08:00:00+00:00, run_after=2026-06-28 08:00:00+00:00
[2026-06-28T23:43:22.315+0000] {processor.py:183} INFO - Processing /opt/airflow/dags/pipeline_economia.py took 0.648 seconds
[2026-06-28T23:43:52.551+0000] {processor.py:161} INFO - Started process (PID=204) to work on /opt/airflow/dags/pipeline_economia.py
[2026-06-28T23:43:52.552+0000] {processor.py:830} INFO - Processing file /opt/airflow/dags/pipeline_economia.py for tasks to queue
[2026-06-28T23:43:52.554+0000] {logging_mixin.py:188} INFO - [2026-06-28T23:43:52.554+0000] {dagbag.py:540} INFO - Filling up the DagBag from /opt/airflow/dags/pipeline_economia.py
[2026-06-28T23:43:53.144+0000] {processor.py:840} INFO - DAG(s) 'pipeline_economia_br' retrieved from /opt/airflow/dags/pipeline_economia.py
[2026-06-28T23:43:53.164+0000] {logging_mixin.py:188} INFO - [2026-06-28T23:43:53.164+0000] {dag.py:3096} INFO - Sync 1 DAGs
[2026-06-28T23:43:53.178+0000] {logging_mixin.py:188} INFO - [2026-06-28T23:43:53.178+0000] {dag.py:3954} INFO - Setting next_dagrun for pipeline_economia_br to 2026-06-27 08:00:00+00:00, run_after=2026-06-28 08:00:00+00:00
[2026-06-28T23:43:53.193+0000] {processor.py:183} INFO - Processing /opt/airflow/dags/pipeline_economia.py took 0.647 seconds
[2026-06-28T23:44:23.424+0000] {processor.py:161} INFO - Started process (PID=211) to work on /opt/airflow/dags/pipeline_economia.py
[2026-06-28T23:44:23.426+0000] {processor.py:830} INFO - Processing file /opt/airflow/dags/pipeline_economia.py for tasks to queue
[2026-06-28T23:44:23.429+0000] {logging_mixin.py:188} INFO - [2026-06-28T23:44:23.429+0000] {dagbag.py:540} INFO - Filling up the DagBag from /opt/airflow/dags/pipeline_economia.py
[2026-06-28T23:44:24.016+0000] {processor.py:840} INFO - DAG(s) 'pipeline_economia_br' retrieved from /opt/airflow/dags/pipeline_economia.py
[2026-06-28T23:44:24.037+0000] {logging_mixin.py:188} INFO - [2026-06-28T23:44:24.036+0000] {dag.py:3096} INFO - Sync 1 DAGs
[2026-06-28T23:44:24.052+0000] {logging_mixin.py:188} INFO - [2026-06-28T23:44:24.052+0000] {dag.py:3954} INFO - Setting next_dagrun for pipeline_economia_br to 2026-06-27 08:00:00+00:00, run_after=2026-06-28 08:00:00+00:00
[2026-06-28T23:44:24.068+0000] {processor.py:183} INFO - Processing /opt/airflow/dags/pipeline_economia.py took 0.650 seconds
[2026-06-28T23:44:54.317+0000] {processor.py:161} INFO - Started process (PID=218) to work on /opt/airflow/dags/pipeline_economia.py
[2026-06-28T23:44:54.318+0000] {processor.py:830} INFO - Processing file /opt/airflow/dags/pipeline_economia.py for tasks to queue
[2026-06-28T23:44:54.320+0000] {logging_mixin.py:188} INFO - [2026-06-28T23:44:54.320+0000] {dagbag.py:540} INFO - Filling up the DagBag from /opt/airflow/dags/pipeline_economia.py
[2026-06-28T23:44:54.884+0000] {processor.py:840} INFO - DAG(s) 'pipeline_economia_br' retrieved from /opt/airflow/dags/pipeline_economia.py
[2026-06-28T23:44:54.903+0000] {logging_mixin.py:188} INFO - [2026-06-28T23:44:54.902+0000] {dag.py:3096} INFO - Sync 1 DAGs
[2026-06-28T23:44:54.917+0000] {logging_mixin.py:188} INFO - [2026-06-28T23:44:54.917+0000] {dag.py:3954} INFO - Setting next_dagrun for pipeline_economia_br to 2026-06-27 08:00:00+00:00, run_after=2026-06-28 08:00:00+00:00
[2026-06-28T23:44:54.933+0000] {processor.py:183} INFO - Processing /opt/airflow/dags/pipeline_economia.py took 0.621 seconds
[2026-06-28T23:45:25.157+0000] {processor.py:161} INFO - Started process (PID=225) to work on /opt/airflow/dags/pipeline_economia.py
[2026-06-28T23:45:25.158+0000] {processor.py:830} INFO - Processing file /opt/airflow/dags/pipeline_economia.py for tasks to queue
[2026-06-28T23:45:25.160+0000] {logging_mixin.py:188} INFO - [2026-06-28T23:45:25.159+0000] {dagbag.py:540} INFO - Filling up the DagBag from /opt/airflow/dags/pipeline_economia.py
[2026-06-28T23:45:25.739+0000] {processor.py:840} INFO - DAG(s) 'pipeline_economia_br' retrieved from /opt/airflow/dags/pipeline_economia.py
[2026-06-28T23:45:25.760+0000] {logging_mixin.py:188} INFO - [2026-06-28T23:45:25.759+0000] {dag.py:3096} INFO - Sync 1 DAGs
[2026-06-28T23:45:25.775+0000] {logging_mixin.py:188} INFO - [2026-06-28T23:45:25.775+0000] {dag.py:3954} INFO - Setting next_dagrun for pipeline_economia_br to 2026-06-27 08:00:00+00:00, run_after=2026-06-28 08:00:00+00:00
[2026-06-28T23:45:25.789+0000] {processor.py:183} INFO - Processing /opt/airflow/dags/pipeline_economia.py took 0.637 seconds
[2026-06-28T23:45:56.052+0000] {processor.py:161} INFO - Started process (PID=232) to work on /opt/airflow/dags/pipeline_economia.py
[2026-06-28T23:45:56.053+0000] {processor.py:830} INFO - Processing file /opt/airflow/dags/pipeline_economia.py for tasks to queue
[2026-06-28T23:45:56.055+0000] {logging_mixin.py:188} INFO - [2026-06-28T23:45:56.054+0000] {dagbag.py:540} INFO - Filling up the DagBag from /opt/airflow/dags/pipeline_economia.py
[2026-06-28T23:45:56.628+0000] {processor.py:840} INFO - DAG(s) 'pipeline_economia_br' retrieved from /opt/airflow/dags/pipeline_economia.py
[2026-06-28T23:45:56.649+0000] {logging_mixin.py:188} INFO - [2026-06-28T23:45:56.648+0000] {dag.py:3096} INFO - Sync 1 DAGs
[2026-06-28T23:45:56.665+0000] {logging_mixin.py:188} INFO - [2026-06-28T23:45:56.665+0000] {dag.py:3954} INFO - Setting next_dagrun for pipeline_economia_br to 2026-06-27 08:00:00+00:00, run_after=2026-06-28 08:00:00+00:00
[2026-06-28T23:45:56.679+0000] {processor.py:183} INFO - Processing /opt/airflow/dags/pipeline_economia.py took 0.632 seconds
[2026-06-28T23:46:26.970+0000] {processor.py:161} INFO - Started process (PID=239) to work on /opt/airflow/dags/pipeline_economia.py
[2026-06-28T23:46:26.971+0000] {processor.py:830} INFO - Processing file /opt/airflow/dags/pipeline_economia.py for tasks to queue
[2026-06-28T23:46:26.973+0000] {logging_mixin.py:188} INFO - [2026-06-28T23:46:26.973+0000] {dagbag.py:540} INFO - Filling up the DagBag from /opt/airflow/dags/pipeline_economia.py
[2026-06-28T23:46:27.528+0000] {processor.py:840} INFO - DAG(s) 'pipeline_economia_br' retrieved from /opt/airflow/dags/pipeline_economia.py
[2026-06-28T23:46:27.550+0000] {logging_mixin.py:188} INFO - [2026-06-28T23:46:27.550+0000] {dag.py:3096} INFO - Sync 1 DAGs
[2026-06-28T23:46:27.564+0000] {logging_mixin.py:188} INFO - [2026-06-28T23:46:27.564+0000] {dag.py:3954} INFO - Setting next_dagrun for pipeline_economia_br to 2026-06-27 08:00:00+00:00, run_after=2026-06-28 08:00:00+00:00
[2026-06-28T23:46:27.578+0000] {processor.py:183} INFO - Processing /opt/airflow/dags/pipeline_economia.py took 0.614 seconds
[2026-06-28T23:46:57.821+0000] {processor.py:161} INFO - Started process (PID=246) to work on /opt/airflow/dags/pipeline_economia.py
[2026-06-28T23:46:57.822+0000] {processor.py:830} INFO - Processing file /opt/airflow/dags/pipeline_economia.py for tasks to queue
[2026-06-28T23:46:57.824+0000] {logging_mixin.py:188} INFO - [2026-06-28T23:46:57.824+0000] {dagbag.py:540} INFO - Filling up the DagBag from /opt/airflow/dags/pipeline_economia.py
[2026-06-28T23:46:58.441+0000] {processor.py:840} INFO - DAG(s) 'pipeline_economia_br' retrieved from /opt/airflow/dags/pipeline_economia.py
[2026-06-28T23:46:58.467+0000] {logging_mixin.py:188} INFO - [2026-06-28T23:46:58.466+0000] {dag.py:3096} INFO - Sync 1 DAGs
[2026-06-28T23:46:58.482+0000] {logging_mixin.py:188} INFO - [2026-06-28T23:46:58.482+0000] {dag.py:3954} INFO - Setting next_dagrun for pipeline_economia_br to 2026-06-27 08:00:00+00:00, run_after=2026-06-28 08:00:00+00:00
[2026-06-28T23:46:58.498+0000] {processor.py:183} INFO - Processing /opt/airflow/dags/pipeline_economia.py took 0.683 seconds
[2026-06-28T23:47:28.694+0000] {processor.py:161} INFO - Started process (PID=253) to work on /opt/airflow/dags/pipeline_economia.py
[2026-06-28T23:47:28.696+0000] {processor.py:830} INFO - Processing file /opt/airflow/dags/pipeline_economia.py for tasks to queue
[2026-06-28T23:47:28.698+0000] {logging_mixin.py:188} INFO - [2026-06-28T23:47:28.698+0000] {dagbag.py:540} INFO - Filling up the DagBag from /opt/airflow/dags/pipeline_economia.py
[2026-06-28T23:47:29.260+0000] {processor.py:840} INFO - DAG(s) 'pipeline_economia_br' retrieved from /opt/airflow/dags/pipeline_economia.py
[2026-06-28T23:47:29.280+0000] {logging_mixin.py:188} INFO - [2026-06-28T23:47:29.280+0000] {dag.py:3096} INFO - Sync 1 DAGs
[2026-06-28T23:47:29.294+0000] {logging_mixin.py:188} INFO - [2026-06-28T23:47:29.294+0000] {dag.py:3954} INFO - Setting next_dagrun for pipeline_economia_br to 2026-06-27 08:00:00+00:00, run_after=2026-06-28 08:00:00+00:00
[2026-06-28T23:47:29.308+0000] {processor.py:183} INFO - Processing /opt/airflow/dags/pipeline_economia.py took 0.619 seconds
[2026-06-28T23:47:59.549+0000] {processor.py:161} INFO - Started process (PID=260) to work on /opt/airflow/dags/pipeline_economia.py
[2026-06-28T23:47:59.550+0000] {processor.py:830} INFO - Processing file /opt/airflow/dags/pipeline_economia.py for tasks to queue
[2026-06-28T23:47:59.551+0000] {logging_mixin.py:188} INFO - [2026-06-28T23:47:59.551+0000] {dagbag.py:540} INFO - Filling up the DagBag from /opt/airflow/dags/pipeline_economia.py
[2026-06-28T23:48:00.097+0000] {processor.py:840} INFO - DAG(s) 'pipeline_economia_br' retrieved from /opt/airflow/dags/pipeline_economia.py
[2026-06-28T23:48:00.117+0000] {logging_mixin.py:188} INFO - [2026-06-28T23:48:00.117+0000] {dag.py:3096} INFO - Sync 1 DAGs
[2026-06-28T23:48:00.139+0000] {logging_mixin.py:188} INFO - [2026-06-28T23:48:00.138+0000] {dag.py:3954} INFO - Setting next_dagrun for pipeline_economia_br to 2026-06-27 08:00:00+00:00, run_after=2026-06-28 08:00:00+00:00
[2026-06-28T23:48:00.157+0000] {processor.py:183} INFO - Processing /opt/airflow/dags/pipeline_economia.py took 0.613 seconds
[2026-06-28T23:48:30.297+0000] {processor.py:161} INFO - Started process (PID=267) to work on /opt/airflow/dags/pipeline_economia.py
[2026-06-28T23:48:30.298+0000] {processor.py:830} INFO - Processing file /opt/airflow/dags/pipeline_economia.py for tasks to queue
[2026-06-28T23:48:30.300+0000] {logging_mixin.py:188} INFO - [2026-06-28T23:48:30.299+0000] {dagbag.py:540} INFO - Filling up the DagBag from /opt/airflow/dags/pipeline_economia.py
[2026-06-28T23:48:30.889+0000] {processor.py:840} INFO - DAG(s) 'pipeline_economia_br' retrieved from /opt/airflow/dags/pipeline_economia.py
[2026-06-28T23:48:30.908+0000] {logging_mixin.py:188} INFO - [2026-06-28T23:48:30.908+0000] {dag.py:3096} INFO - Sync 1 DAGs
[2026-06-28T23:48:30.922+0000] {logging_mixin.py:188} INFO - [2026-06-28T23:48:30.922+0000] {dag.py:3954} INFO - Setting next_dagrun for pipeline_economia_br to 2026-06-27 08:00:00+00:00, run_after=2026-06-28 08:00:00+00:00
[2026-06-28T23:48:30.936+0000] {processor.py:183} INFO - Processing /opt/airflow/dags/pipeline_economia.py took 0.644 seconds
[2026-06-28T23:49:01.181+0000] {processor.py:161} INFO - Started process (PID=274) to work on /opt/airflow/dags/pipeline_economia.py
[2026-06-28T23:49:01.182+0000] {processor.py:830} INFO - Processing file /opt/airflow/dags/pipeline_economia.py for tasks to queue
[2026-06-28T23:49:01.184+0000] {logging_mixin.py:188} INFO - [2026-06-28T23:49:01.184+0000] {dagbag.py:540} INFO - Filling up the DagBag from /opt/airflow/dags/pipeline_economia.py
[2026-06-28T23:49:01.745+0000] {processor.py:840} INFO - DAG(s) 'pipeline_economia_br' retrieved from /opt/airflow/dags/pipeline_economia.py
[2026-06-28T23:49:01.765+0000] {logging_mixin.py:188} INFO - [2026-06-28T23:49:01.764+0000] {dag.py:3096} INFO - Sync 1 DAGs
[2026-06-28T23:49:01.780+0000] {logging_mixin.py:188} INFO - [2026-06-28T23:49:01.780+0000] {dag.py:3954} INFO - Setting next_dagrun for pipeline_economia_br to 2026-06-27 08:00:00+00:00, run_after=2026-06-28 08:00:00+00:00
[2026-06-28T23:49:01.796+0000] {processor.py:183} INFO - Processing /opt/airflow/dags/pipeline_economia.py took 0.620 seconds
[2026-06-28T23:49:32.028+0000] {processor.py:161} INFO - Started process (PID=281) to work on /opt/airflow/dags/pipeline_economia.py
[2026-06-28T23:49:32.030+0000] {processor.py:830} INFO - Processing file /opt/airflow/dags/pipeline_economia.py for tasks to queue
[2026-06-28T23:49:32.032+0000] {logging_mixin.py:188} INFO - [2026-06-28T23:49:32.031+0000] {dagbag.py:540} INFO - Filling up the DagBag from /opt/airflow/dags/pipeline_economia.py
[2026-06-28T23:49:32.604+0000] {processor.py:840} INFO - DAG(s) 'pipeline_economia_br' retrieved from /opt/airflow/dags/pipeline_economia.py
[2026-06-28T23:49:32.629+0000] {logging_mixin.py:188} INFO - [2026-06-28T23:49:32.628+0000] {dag.py:3096} INFO - Sync 1 DAGs
[2026-06-28T23:49:32.645+0000] {logging_mixin.py:188} INFO - [2026-06-28T23:49:32.645+0000] {dag.py:3954} INFO - Setting next_dagrun for pipeline_economia_br to 2026-06-27 08:00:00+00:00, run_after=2026-06-28 08:00:00+00:00
[2026-06-28T23:49:32.663+0000] {processor.py:183} INFO - Processing /opt/airflow/dags/pipeline_economia.py took 0.640 seconds
[2026-06-28T23:50:02.922+0000] {processor.py:161} INFO - Started process (PID=288) to work on /opt/airflow/dags/pipeline_economia.py
[2026-06-28T23:50:02.923+0000] {processor.py:830} INFO - Processing file /opt/airflow/dags/pipeline_economia.py for tasks to queue
[2026-06-28T23:50:02.925+0000] {logging_mixin.py:188} INFO - [2026-06-28T23:50:02.924+0000] {dagbag.py:540} INFO - Filling up the DagBag from /opt/airflow/dags/pipeline_economia.py
[2026-06-28T23:50:03.486+0000] {processor.py:840} INFO - DAG(s) 'pipeline_economia_br' retrieved from /opt/airflow/dags/pipeline_economia.py
[2026-06-28T23:50:03.507+0000] {logging_mixin.py:188} INFO - [2026-06-28T23:50:03.507+0000] {dag.py:3096} INFO - Sync 1 DAGs
[2026-06-28T23:50:03.522+0000] {logging_mixin.py:188} INFO - [2026-06-28T23:50:03.521+0000] {dag.py:3954} INFO - Setting next_dagrun for pipeline_economia_br to 2026-06-27 08:00:00+00:00, run_after=2026-06-28 08:00:00+00:00
[2026-06-28T23:50:03.537+0000] {processor.py:183} INFO - Processing /opt/airflow/dags/pipeline_economia.py took 0.621 seconds
[2026-06-28T23:50:33.784+0000] {processor.py:161} INFO - Started process (PID=295) to work on /opt/airflow/dags/pipeline_economia.py
[2026-06-28T23:50:33.785+0000] {processor.py:830} INFO - Processing file /opt/airflow/dags/pipeline_economia.py for tasks to queue
[2026-06-28T23:50:33.788+0000] {logging_mixin.py:188} INFO - [2026-06-28T23:50:33.787+0000] {dagbag.py:540} INFO - Filling up the DagBag from /opt/airflow/dags/pipeline_economia.py
[2026-06-28T23:50:34.367+0000] {processor.py:840} INFO - DAG(s) 'pipeline_economia_br' retrieved from /opt/airflow/dags/pipeline_economia.py
[2026-06-28T23:50:34.387+0000] {logging_mixin.py:188} INFO - [2026-06-28T23:50:34.386+0000] {dag.py:3096} INFO - Sync 1 DAGs
[2026-06-28T23:50:34.400+0000] {logging_mixin.py:188} INFO - [2026-06-28T23:50:34.400+0000] {dag.py:3954} INFO - Setting next_dagrun for pipeline_economia_br to 2026-06-27 08:00:00+00:00, run_after=2026-06-28 08:00:00+00:00
[2026-06-28T23:50:34.413+0000] {processor.py:183} INFO - Processing /opt/airflow/dags/pipeline_economia.py took 0.635 seconds
[2026-06-28T23:51:04.625+0000] {processor.py:161} INFO - Started process (PID=302) to work on /opt/airflow/dags/pipeline_economia.py
[2026-06-28T23:51:04.626+0000] {processor.py:830} INFO - Processing file /opt/airflow/dags/pipeline_economia.py for tasks to queue
[2026-06-28T23:51:04.628+0000] {logging_mixin.py:188} INFO - [2026-06-28T23:51:04.627+0000] {dagbag.py:540} INFO - Filling up the DagBag from /opt/airflow/dags/pipeline_economia.py
[2026-06-28T23:51:05.173+0000] {processor.py:840} INFO - DAG(s) 'pipeline_economia_br' retrieved from /opt/airflow/dags/pipeline_economia.py
[2026-06-28T23:51:05.192+0000] {logging_mixin.py:188} INFO - [2026-06-28T23:51:05.192+0000] {dag.py:3096} INFO - Sync 1 DAGs
[2026-06-28T23:51:05.206+0000] {logging_mixin.py:188} INFO - [2026-06-28T23:51:05.206+0000] {dag.py:3954} INFO - Setting next_dagrun for pipeline_economia_br to 2026-06-27 08:00:00+00:00, run_after=2026-06-28 08:00:00+00:00
[2026-06-28T23:51:05.221+0000] {processor.py:183} INFO - Processing /opt/airflow/dags/pipeline_economia.py took 0.601 seconds
[2026-06-28T23:51:35.489+0000] {processor.py:161} INFO - Started process (PID=309) to work on /opt/airflow/dags/pipeline_economia.py
[2026-06-28T23:51:35.491+0000] {processor.py:830} INFO - Processing file /opt/airflow/dags/pipeline_economia.py for tasks to queue
[2026-06-28T23:51:35.493+0000] {logging_mixin.py:188} INFO - [2026-06-28T23:51:35.492+0000] {dagbag.py:540} INFO - Filling up the DagBag from /opt/airflow/dags/pipeline_economia.py
[2026-06-28T23:51:36.058+0000] {processor.py:840} INFO - DAG(s) 'pipeline_economia_br' retrieved from /opt/airflow/dags/pipeline_economia.py
[2026-06-28T23:51:36.080+0000] {logging_mixin.py:188} INFO - [2026-06-28T23:51:36.080+0000] {dag.py:3096} INFO - Sync 1 DAGs
[2026-06-28T23:51:36.096+0000] {logging_mixin.py:188} INFO - [2026-06-28T23:51:36.095+0000] {dag.py:3954} INFO - Setting next_dagrun for pipeline_economia_br to 2026-06-27 08:00:00+00:00, run_after=2026-06-28 08:00:00+00:00
[2026-06-28T23:51:36.109+0000] {processor.py:183} INFO - Processing /opt/airflow/dags/pipeline_economia.py took 0.625 seconds
[2026-06-28T23:52:06.369+0000] {processor.py:161} INFO - Started process (PID=316) to work on /opt/airflow/dags/pipeline_economia.py
[2026-06-28T23:52:06.371+0000] {processor.py:830} INFO - Processing file /opt/airflow/dags/pipeline_economia.py for tasks to queue
[2026-06-28T23:52:06.373+0000] {logging_mixin.py:188} INFO - [2026-06-28T23:52:06.372+0000] {dagbag.py:540} INFO - Filling up the DagBag from /opt/airflow/dags/pipeline_economia.py
[2026-06-28T23:52:07.319+0000] {processor.py:840} INFO - DAG(s) 'pipeline_economia_br' retrieved from /opt/airflow/dags/pipeline_economia.py
[2026-06-28T23:52:07.348+0000] {logging_mixin.py:188} INFO - [2026-06-28T23:52:07.348+0000] {dag.py:3096} INFO - Sync 1 DAGs
[2026-06-28T23:52:07.366+0000] {logging_mixin.py:188} INFO - [2026-06-28T23:52:07.366+0000] {dag.py:3954} INFO - Setting next_dagrun for pipeline_economia_br to 2026-06-27 08:00:00+00:00, run_after=2026-06-28 08:00:00+00:00
[2026-06-28T23:52:07.383+0000] {processor.py:183} INFO - Processing /opt/airflow/dags/pipeline_economia.py took 1.020 seconds
[2026-06-28T23:52:37.608+0000] {processor.py:161} INFO - Started process (PID=323) to work on /opt/airflow/dags/pipeline_economia.py
[2026-06-28T23:52:37.609+0000] {processor.py:830} INFO - Processing file /opt/airflow/dags/pipeline_economia.py for tasks to queue
[2026-06-28T23:52:37.611+0000] {logging_mixin.py:188} INFO - [2026-06-28T23:52:37.611+0000] {dagbag.py:540} INFO - Filling up the DagBag from /opt/airflow/dags/pipeline_economia.py
[2026-06-28T23:52:38.229+0000] {processor.py:840} INFO - DAG(s) 'pipeline_economia_br' retrieved from /opt/airflow/dags/pipeline_economia.py
[2026-06-28T23:52:38.254+0000] {logging_mixin.py:188} INFO - [2026-06-28T23:52:38.252+0000] {dag.py:3096} INFO - Sync 1 DAGs
[2026-06-28T23:52:38.272+0000] {logging_mixin.py:188} INFO - [2026-06-28T23:52:38.272+0000] {dag.py:3954} INFO - Setting next_dagrun for pipeline_economia_br to 2026-06-27 08:00:00+00:00, run_after=2026-06-28 08:00:00+00:00
[2026-06-28T23:52:38.293+0000] {processor.py:183} INFO - Processing /opt/airflow/dags/pipeline_economia.py took 0.691 seconds
[2026-06-28T23:53:08.542+0000] {processor.py:161} INFO - Started process (PID=330) to work on /opt/airflow/dags/pipeline_economia.py
[2026-06-28T23:53:08.543+0000] {processor.py:830} INFO - Processing file /opt/airflow/dags/pipeline_economia.py for tasks to queue
[2026-06-28T23:53:08.545+0000] {logging_mixin.py:188} INFO - [2026-06-28T23:53:08.545+0000] {dagbag.py:540} INFO - Filling up the DagBag from /opt/airflow/dags/pipeline_economia.py
[2026-06-28T23:53:09.288+0000] {processor.py:840} INFO - DAG(s) 'pipeline_economia_br' retrieved from /opt/airflow/dags/pipeline_economia.py
[2026-06-28T23:53:09.314+0000] {logging_mixin.py:188} INFO - [2026-06-28T23:53:09.313+0000] {dag.py:3096} INFO - Sync 1 DAGs
[2026-06-28T23:53:09.328+0000] {logging_mixin.py:188} INFO - [2026-06-28T23:53:09.328+0000] {dag.py:3954} INFO - Setting next_dagrun for pipeline_economia_br to 2026-06-27 08:00:00+00:00, run_after=2026-06-28 08:00:00+00:00
[2026-06-28T23:53:09.344+0000] {processor.py:183} INFO - Processing /opt/airflow/dags/pipeline_economia.py took 0.808 seconds
[2026-06-28T23:53:39.604+0000] {processor.py:161} INFO - Started process (PID=337) to work on /opt/airflow/dags/pipeline_economia.py
[2026-06-28T23:53:39.605+0000] {processor.py:830} INFO - Processing file /opt/airflow/dags/pipeline_economia.py for tasks to queue
[2026-06-28T23:53:39.607+0000] {logging_mixin.py:188} INFO - [2026-06-28T23:53:39.606+0000] {dagbag.py:540} INFO - Filling up the DagBag from /opt/airflow/dags/pipeline_economia.py
[2026-06-28T23:53:40.228+0000] {processor.py:840} INFO - DAG(s) 'pipeline_economia_br' retrieved from /opt/airflow/dags/pipeline_economia.py
[2026-06-28T23:53:40.248+0000] {logging_mixin.py:188} INFO - [2026-06-28T23:53:40.248+0000] {dag.py:3096} INFO - Sync 1 DAGs
[2026-06-28T23:53:40.263+0000] {logging_mixin.py:188} INFO - [2026-06-28T23:53:40.263+0000] {dag.py:3954} INFO - Setting next_dagrun for pipeline_economia_br to 2026-06-27 08:00:00+00:00, run_after=2026-06-28 08:00:00+00:00
[2026-06-28T23:53:40.281+0000] {processor.py:183} INFO - Processing /opt/airflow/dags/pipeline_economia.py took 0.683 seconds
[2026-06-28T23:54:10.530+0000] {processor.py:161} INFO - Started process (PID=344) to work on /opt/airflow/dags/pipeline_economia.py
[2026-06-28T23:54:10.531+0000] {processor.py:830} INFO - Processing file /opt/airflow/dags/pipeline_economia.py for tasks to queue
[2026-06-28T23:54:10.532+0000] {logging_mixin.py:188} INFO - [2026-06-28T23:54:10.532+0000] {dagbag.py:540} INFO - Filling up the DagBag from /opt/airflow/dags/pipeline_economia.py
[2026-06-28T23:54:11.071+0000] {processor.py:840} INFO - DAG(s) 'pipeline_economia_br' retrieved from /opt/airflow/dags/pipeline_economia.py
[2026-06-28T23:54:11.090+0000] {logging_mixin.py:188} INFO - [2026-06-28T23:54:11.090+0000] {dag.py:3096} INFO - Sync 1 DAGs
[2026-06-28T23:54:11.103+0000] {logging_mixin.py:188} INFO - [2026-06-28T23:54:11.103+0000] {dag.py:3954} INFO - Setting next_dagrun for pipeline_economia_br to 2026-06-27 08:00:00+00:00, run_after=2026-06-28 08:00:00+00:00
[2026-06-28T23:54:11.118+0000] {processor.py:183} INFO - Processing /opt/airflow/dags/pipeline_economia.py took 0.593 seconds
[2026-06-28T23:54:41.340+0000] {processor.py:161} INFO - Started process (PID=351) to work on /opt/airflow/dags/pipeline_economia.py
[2026-06-28T23:54:41.342+0000] {processor.py:830} INFO - Processing file /opt/airflow/dags/pipeline_economia.py for tasks to queue
[2026-06-28T23:54:41.343+0000] {logging_mixin.py:188} INFO - [2026-06-28T23:54:41.343+0000] {dagbag.py:540} INFO - Filling up the DagBag from /opt/airflow/dags/pipeline_economia.py
[2026-06-28T23:54:41.887+0000] {processor.py:840} INFO - DAG(s) 'pipeline_economia_br' retrieved from /opt/airflow/dags/pipeline_economia.py
[2026-06-28T23:54:41.906+0000] {logging_mixin.py:188} INFO - [2026-06-28T23:54:41.906+0000] {dag.py:3096} INFO - Sync 1 DAGs
[2026-06-28T23:54:41.920+0000] {logging_mixin.py:188} INFO - [2026-06-28T23:54:41.920+0000] {dag.py:3954} INFO - Setting next_dagrun for pipeline_economia_br to 2026-06-27 08:00:00+00:00, run_after=2026-06-28 08:00:00+00:00
[2026-06-28T23:54:41.937+0000] {processor.py:183} INFO - Processing /opt/airflow/dags/pipeline_economia.py took 0.602 seconds
[2026-06-28T23:55:12.000+0000] {processor.py:161} INFO - Started process (PID=358) to work on /opt/airflow/dags/pipeline_economia.py
[2026-06-28T23:55:12.001+0000] {processor.py:830} INFO - Processing file /opt/airflow/dags/pipeline_economia.py for tasks to queue
[2026-06-28T23:55:12.003+0000] {logging_mixin.py:188} INFO - [2026-06-28T23:55:12.002+0000] {dagbag.py:540} INFO - Filling up the DagBag from /opt/airflow/dags/pipeline_economia.py
[2026-06-28T23:55:12.842+0000] {processor.py:840} INFO - DAG(s) 'pipeline_economia_br' retrieved from /opt/airflow/dags/pipeline_economia.py
[2026-06-28T23:55:12.870+0000] {logging_mixin.py:188} INFO - [2026-06-28T23:55:12.869+0000] {dag.py:3096} INFO - Sync 1 DAGs
[2026-06-28T23:55:12.886+0000] {logging_mixin.py:188} INFO - [2026-06-28T23:55:12.886+0000] {dag.py:3954} INFO - Setting next_dagrun for pipeline_economia_br to 2026-06-27 08:00:00+00:00, run_after=2026-06-28 08:00:00+00:00
[2026-06-28T23:55:12.903+0000] {processor.py:183} INFO - Processing /opt/airflow/dags/pipeline_economia.py took 0.908 seconds
[2026-06-28T23:55:43.117+0000] {processor.py:161} INFO - Started process (PID=365) to work on /opt/airflow/dags/pipeline_economia.py
[2026-06-28T23:55:43.118+0000] {processor.py:830} INFO - Processing file /opt/airflow/dags/pipeline_economia.py for tasks to queue
[2026-06-28T23:55:43.119+0000] {logging_mixin.py:188} INFO - [2026-06-28T23:55:43.119+0000] {dagbag.py:540} INFO - Filling up the DagBag from /opt/airflow/dags/pipeline_economia.py
[2026-06-28T23:55:43.848+0000] {processor.py:840} INFO - DAG(s) 'pipeline_economia_br' retrieved from /opt/airflow/dags/pipeline_economia.py
[2026-06-28T23:55:43.877+0000] {logging_mixin.py:188} INFO - [2026-06-28T23:55:43.877+0000] {dag.py:3096} INFO - Sync 1 DAGs
[2026-06-28T23:55:43.894+0000] {logging_mixin.py:188} INFO - [2026-06-28T23:55:43.894+0000] {dag.py:3954} INFO - Setting next_dagrun for pipeline_economia_br to 2026-06-27 08:00:00+00:00, run_after=2026-06-28 08:00:00+00:00
[2026-06-28T23:55:43.908+0000] {processor.py:183} INFO - Processing /opt/airflow/dags/pipeline_economia.py took 0.797 seconds
[2026-06-28T23:56:14.138+0000] {processor.py:161} INFO - Started process (PID=372) to work on /opt/airflow/dags/pipeline_economia.py
[2026-06-28T23:56:14.140+0000] {processor.py:830} INFO - Processing file /opt/airflow/dags/pipeline_economia.py for tasks to queue
[2026-06-28T23:56:14.141+0000] {logging_mixin.py:188} INFO - [2026-06-28T23:56:14.141+0000] {dagbag.py:540} INFO - Filling up the DagBag from /opt/airflow/dags/pipeline_economia.py
[2026-06-28T23:56:14.681+0000] {processor.py:840} INFO - DAG(s) 'pipeline_economia_br' retrieved from /opt/airflow/dags/pipeline_economia.py
[2026-06-28T23:56:14.703+0000] {logging_mixin.py:188} INFO - [2026-06-28T23:56:14.702+0000] {dag.py:3096} INFO - Sync 1 DAGs
[2026-06-28T23:56:14.718+0000] {logging_mixin.py:188} INFO - [2026-06-28T23:56:14.717+0000] {dag.py:3954} INFO - Setting next_dagrun for pipeline_economia_br to 2026-06-27 08:00:00+00:00, run_after=2026-06-28 08:00:00+00:00
[2026-06-28T23:56:14.732+0000] {processor.py:183} INFO - Processing /opt/airflow/dags/pipeline_economia.py took 0.598 seconds
[2026-06-28T23:56:44.984+0000] {processor.py:161} INFO - Started process (PID=379) to work on /opt/airflow/dags/pipeline_economia.py
[2026-06-28T23:56:44.985+0000] {processor.py:830} INFO - Processing file /opt/airflow/dags/pipeline_economia.py for tasks to queue
[2026-06-28T23:56:44.987+0000] {logging_mixin.py:188} INFO - [2026-06-28T23:56:44.987+0000] {dagbag.py:540} INFO - Filling up the DagBag from /opt/airflow/dags/pipeline_economia.py
[2026-06-28T23:56:45.553+0000] {processor.py:840} INFO - DAG(s) 'pipeline_economia_br' retrieved from /opt/airflow/dags/pipeline_economia.py
[2026-06-28T23:56:45.573+0000] {logging_mixin.py:188} INFO - [2026-06-28T23:56:45.573+0000] {dag.py:3096} INFO - Sync 1 DAGs
[2026-06-28T23:56:45.587+0000] {logging_mixin.py:188} INFO - [2026-06-28T23:56:45.587+0000] {dag.py:3954} INFO - Setting next_dagrun for pipeline_economia_br to 2026-06-27 08:00:00+00:00, run_after=2026-06-28 08:00:00+00:00
[2026-06-28T23:56:45.602+0000] {processor.py:183} INFO - Processing /opt/airflow/dags/pipeline_economia.py took 0.622 seconds
[2026-06-28T23:57:15.867+0000] {processor.py:161} INFO - Started process (PID=386) to work on /opt/airflow/dags/pipeline_economia.py
[2026-06-28T23:57:15.868+0000] {processor.py:830} INFO - Processing file /opt/airflow/dags/pipeline_economia.py for tasks to queue
[2026-06-28T23:57:15.870+0000] {logging_mixin.py:188} INFO - [2026-06-28T23:57:15.870+0000] {dagbag.py:540} INFO - Filling up the DagBag from /opt/airflow/dags/pipeline_economia.py
[2026-06-28T23:57:16.454+0000] {processor.py:840} INFO - DAG(s) 'pipeline_economia_br' retrieved from /opt/airflow/dags/pipeline_economia.py
[2026-06-28T23:57:16.473+0000] {logging_mixin.py:188} INFO - [2026-06-28T23:57:16.473+0000] {dag.py:3096} INFO - Sync 1 DAGs
[2026-06-28T23:57:16.488+0000] {logging_mixin.py:188} INFO - [2026-06-28T23:57:16.487+0000] {dag.py:3954} INFO - Setting next_dagrun for pipeline_economia_br to 2026-06-27 08:00:00+00:00, run_after=2026-06-28 08:00:00+00:00
[2026-06-28T23:57:16.502+0000] {processor.py:183} INFO - Processing /opt/airflow/dags/pipeline_economia.py took 0.640 seconds
[2026-06-28T23:57:46.761+0000] {processor.py:161} INFO - Started process (PID=393) to work on /opt/airflow/dags/pipeline_economia.py
[2026-06-28T23:57:46.762+0000] {processor.py:830} INFO - Processing file /opt/airflow/dags/pipeline_economia.py for tasks to queue
[2026-06-28T23:57:46.764+0000] {logging_mixin.py:188} INFO - [2026-06-28T23:57:46.764+0000] {dagbag.py:540} INFO - Filling up the DagBag from /opt/airflow/dags/pipeline_economia.py
[2026-06-28T23:57:47.524+0000] {processor.py:840} INFO - DAG(s) 'pipeline_economia_br' retrieved from /opt/airflow/dags/pipeline_economia.py
[2026-06-28T23:57:47.547+0000] {logging_mixin.py:188} INFO - [2026-06-28T23:57:47.547+0000] {dag.py:3096} INFO - Sync 1 DAGs
[2026-06-28T23:57:47.562+0000] {logging_mixin.py:188} INFO - [2026-06-28T23:57:47.561+0000] {dag.py:3954} INFO - Setting next_dagrun for pipeline_economia_br to 2026-06-27 08:00:00+00:00, run_after=2026-06-28 08:00:00+00:00
[2026-06-28T23:57:47.578+0000] {processor.py:183} INFO - Processing /opt/airflow/dags/pipeline_economia.py took 0.824 seconds
[2026-06-28T23:58:17.782+0000] {processor.py:161} INFO - Started process (PID=400) to work on /opt/airflow/dags/pipeline_economia.py
[2026-06-28T23:58:17.784+0000] {processor.py:830} INFO - Processing file /opt/airflow/dags/pipeline_economia.py for tasks to queue
[2026-06-28T23:58:17.786+0000] {logging_mixin.py:188} INFO - [2026-06-28T23:58:17.786+0000] {dagbag.py:540} INFO - Filling up the DagBag from /opt/airflow/dags/pipeline_economia.py
[2026-06-28T23:58:18.349+0000] {processor.py:840} INFO - DAG(s) 'pipeline_economia_br' retrieved from /opt/airflow/dags/pipeline_economia.py
[2026-06-28T23:58:18.368+0000] {logging_mixin.py:188} INFO - [2026-06-28T23:58:18.368+0000] {dag.py:3096} INFO - Sync 1 DAGs
[2026-06-28T23:58:18.383+0000] {logging_mixin.py:188} INFO - [2026-06-28T23:58:18.383+0000] {dag.py:3954} INFO - Setting next_dagrun for pipeline_economia_br to 2026-06-27 08:00:00+00:00, run_after=2026-06-28 08:00:00+00:00
[2026-06-28T23:58:18.398+0000] {processor.py:183} INFO - Processing /opt/airflow/dags/pipeline_economia.py took 0.621 seconds
